Archive member included to satisfy reference by file (symbol)

c:/st/stm32cubeide_1.3.0/stm32cubeide/plugins/com.st.stm32cube.ide.mcu.externaltools.gnu-tools-for-stm32.7-2018-q2-update.win32_1.0.0.201904181610/tools/bin/../lib/gcc/arm-none-eabi/7.3.1/../../../../arm-none-eabi/lib/thumb/v6-m\libc_nano.a(lib_a-errno.o)
                              Src/syscalls.o (__errno)
c:/st/stm32cubeide_1.3.0/stm32cubeide/plugins/com.st.stm32cube.ide.mcu.externaltools.gnu-tools-for-stm32.7-2018-q2-update.win32_1.0.0.201904181610/tools/bin/../lib/gcc/arm-none-eabi/7.3.1/../../../../arm-none-eabi/lib/thumb/v6-m\libc_nano.a(lib_a-exit.o)
                              c:/st/stm32cubeide_1.3.0/stm32cubeide/plugins/com.st.stm32cube.ide.mcu.externaltools.gnu-tools-for-stm32.7-2018-q2-update.win32_1.0.0.201904181610/tools/bin/../lib/gcc/arm-none-eabi/7.3.1/../../../../arm-none-eabi/lib/thumb/v6-m/crt0.o (exit)
c:/st/stm32cubeide_1.3.0/stm32cubeide/plugins/com.st.stm32cube.ide.mcu.externaltools.gnu-tools-for-stm32.7-2018-q2-update.win32_1.0.0.201904181610/tools/bin/../lib/gcc/arm-none-eabi/7.3.1/../../../../arm-none-eabi/lib/thumb/v6-m\libc_nano.a(lib_a-impure.o)
                              c:/st/stm32cubeide_1.3.0/stm32cubeide/plugins/com.st.stm32cube.ide.mcu.externaltools.gnu-tools-for-stm32.7-2018-q2-update.win32_1.0.0.201904181610/tools/bin/../lib/gcc/arm-none-eabi/7.3.1/../../../../arm-none-eabi/lib/thumb/v6-m\libc_nano.a(lib_a-exit.o) (_global_impure_ptr)
c:/st/stm32cubeide_1.3.0/stm32cubeide/plugins/com.st.stm32cube.ide.mcu.externaltools.gnu-tools-for-stm32.7-2018-q2-update.win32_1.0.0.201904181610/tools/bin/../lib/gcc/arm-none-eabi/7.3.1/../../../../arm-none-eabi/lib/thumb/v6-m\libc_nano.a(lib_a-init.o)
                              c:/st/stm32cubeide_1.3.0/stm32cubeide/plugins/com.st.stm32cube.ide.mcu.externaltools.gnu-tools-for-stm32.7-2018-q2-update.win32_1.0.0.201904181610/tools/bin/../lib/gcc/arm-none-eabi/7.3.1/../../../../arm-none-eabi/lib/thumb/v6-m/crt0.o (__libc_init_array)
c:/st/stm32cubeide_1.3.0/stm32cubeide/plugins/com.st.stm32cube.ide.mcu.externaltools.gnu-tools-for-stm32.7-2018-q2-update.win32_1.0.0.201904181610/tools/bin/../lib/gcc/arm-none-eabi/7.3.1/../../../../arm-none-eabi/lib/thumb/v6-m\libc_nano.a(lib_a-memcpy-stub.o)
                              Src/group_manager.o (memcpy)
c:/st/stm32cubeide_1.3.0/stm32cubeide/plugins/com.st.stm32cube.ide.mcu.externaltools.gnu-tools-for-stm32.7-2018-q2-update.win32_1.0.0.201904181610/tools/bin/../lib/gcc/arm-none-eabi/7.3.1/../../../../arm-none-eabi/lib/thumb/v6-m\libc_nano.a(lib_a-memset.o)
                              c:/st/stm32cubeide_1.3.0/stm32cubeide/plugins/com.st.stm32cube.ide.mcu.externaltools.gnu-tools-for-stm32.7-2018-q2-update.win32_1.0.0.201904181610/tools/bin/../lib/gcc/arm-none-eabi/7.3.1/../../../../arm-none-eabi/lib/thumb/v6-m/crt0.o (memset)
c:/st/stm32cubeide_1.3.0/stm32cubeide/plugins/com.st.stm32cube.ide.mcu.externaltools.gnu-tools-for-stm32.7-2018-q2-update.win32_1.0.0.201904181610/tools/bin/../lib/gcc/arm-none-eabi/7.3.1/thumb/v6-m\libgcc.a(_udivsi3.o)
                              Drivers/STM32G0xx_HAL_Driver/Src/stm32g0xx_hal.o (__aeabi_uidiv)
c:/st/stm32cubeide_1.3.0/stm32cubeide/plugins/com.st.stm32cube.ide.mcu.externaltools.gnu-tools-for-stm32.7-2018-q2-update.win32_1.0.0.201904181610/tools/bin/../lib/gcc/arm-none-eabi/7.3.1/thumb/v6-m\libgcc.a(_divsi3.o)
                              Drivers/STM32G0xx_HAL_Driver/Src/stm32g0xx_hal_uart_ex.o (__aeabi_idiv)
c:/st/stm32cubeide_1.3.0/stm32cubeide/plugins/com.st.stm32cube.ide.mcu.externaltools.gnu-tools-for-stm32.7-2018-q2-update.win32_1.0.0.201904181610/tools/bin/../lib/gcc/arm-none-eabi/7.3.1/thumb/v6-m\libgcc.a(_dvmd_tls.o)
                              c:/st/stm32cubeide_1.3.0/stm32cubeide/plugins/com.st.stm32cube.ide.mcu.externaltools.gnu-tools-for-stm32.7-2018-q2-update.win32_1.0.0.201904181610/tools/bin/../lib/gcc/arm-none-eabi/7.3.1/thumb/v6-m\libgcc.a(_udivsi3.o) (__aeabi_idiv0)
c:/st/stm32cubeide_1.3.0/stm32cubeide/plugins/com.st.stm32cube.ide.mcu.externaltools.gnu-tools-for-stm32.7-2018-q2-update.win32_1.0.0.201904181610/tools/bin/../lib/gcc/arm-none-eabi/7.3.1/thumb/v6-m\libgcc.a(_arm_cmpsf2.o)
                              Src/group_synchro.o (__aeabi_fcmplt)
c:/st/stm32cubeide_1.3.0/stm32cubeide/plugins/com.st.stm32cube.ide.mcu.externaltools.gnu-tools-for-stm32.7-2018-q2-update.win32_1.0.0.201904181610/tools/bin/../lib/gcc/arm-none-eabi/7.3.1/thumb/v6-m\libgcc.a(_fixunssfsi.o)
                              Src/vcaptor.o (__aeabi_f2uiz)
c:/st/stm32cubeide_1.3.0/stm32cubeide/plugins/com.st.stm32cube.ide.mcu.externaltools.gnu-tools-for-stm32.7-2018-q2-update.win32_1.0.0.201904181610/tools/bin/../lib/gcc/arm-none-eabi/7.3.1/thumb/v6-m\libgcc.a(addsf3.o)
                              Src/group_synchro.o (__aeabi_fadd)
[...]
Memory Configuration

Name             Origin             Length             Attributes
FLASH            0x0000000008000000 0x0000000000020000 xr
RAM              0x0000000020000000 0x0000000000009000 xrw
*default*        0x0000000000000000 0xffffffffffffffff

Linker script and memory map

LOAD c:/st/stm32cubeide_1.3.0/stm32cubeide/plugins/com.st.stm32cube.ide.mcu.externaltools.gnu-tools-for-stm32.7-2018-q2-update.win32_1.0.0.201904181610/tools/bin/../lib/gcc/arm-none-eabi/7.3.1/thumb/v6-m/crti.o
LOAD c:/st/stm32cubeide_1.3.0/stm32cubeide/plugins/com.st.stm32cube.ide.mcu.externaltools.gnu-tools-for-stm32.7-2018-q2-update.win32_1.0.0.201904181610/tools/bin/../lib/gcc/arm-none-eabi/7.3.1/thumb/v6-m/crtbegin.o
LOAD c:/st/stm32cubeide_1.3.0/stm32cubeide/plugins/com.st.stm32cube.ide.mcu.externaltools.gnu-tools-for-stm32.7-2018-q2-update.win32_1.0.0.201904181610/tools/bin/../lib/gcc/arm-none-eabi/7.3.1/../../../../arm-none-eabi/lib/thumb/v6-m/crt0.o
LOAD Drivers/STM32G0xx_HAL_Driver/Src/stm32g0xx_hal.o
LOAD Drivers/STM32G0xx_HAL_Driver/Src/stm32g0xx_hal_adc.o
LOAD Drivers/STM32G0xx_HAL_Driver/Src/stm32g0xx_hal_adc_ex.o
LOAD Drivers/STM32G0xx_HAL_Driver/Src/stm32g0xx_hal_cortex.o
LOAD Drivers/STM32G0xx_HAL_Driver/Src/stm32g0xx_hal_dma.o
LOAD Drivers/STM32G0xx_HAL_Driver/Src/stm32g0xx_hal_dma_ex.o
LOAD Drivers/STM32G0xx_HAL_Driver/Src/stm32g0xx_hal_exti.o
LOAD Drivers/STM32G0xx_HAL_Driver/Src/stm32g0xx_hal_flash.o
LOAD Drivers/STM32G0xx_HAL_Driver/Src/stm32g0xx_hal_flash_ex.o
LOAD Drivers/STM32G0xx_HAL_Driver/Src/stm32g0xx_hal_gpio.o
LOAD Drivers/STM32G0xx_HAL_Driver/Src/stm32g0xx_hal_pwr.o
LOAD Drivers/STM32G0xx_HAL_Driver/Src/stm32g0xx_hal_pwr_ex.o
LOAD Drivers/STM32G0xx_HAL_Driver/Src/stm32g0xx_hal_rcc.o
LOAD Drivers/STM32G0xx_HAL_Driver/Src/stm32g0xx_hal_rcc_ex.o
LOAD Drivers/STM32G0xx_HAL_Driver/Src/stm32g0xx_hal_tim.o
LOAD Drivers/STM32G0xx_HAL_Driver/Src/stm32g0xx_hal_tim_ex.o
LOAD Drivers/STM32G0xx_HAL_Driver/Src/stm32g0xx_hal_uart.o
LOAD Drivers/STM32G0xx_HAL_Driver/Src/stm32g0xx_hal_uart_ex.o
LOAD Drivers/STM32G0xx_HAL_Driver/Src/stm32g0xx_ll_adc.o
LOAD Drivers/STM32G0xx_HAL_Driver/Src/stm32g0xx_ll_rcc.o
LOAD Src/ext_captor.o
LOAD Src/group_manager.o
LOAD Src/group_synchro.o
LOAD Src/hl_manager.o
LOAD Src/main.o
LOAD Src/motor.o
LOAD Src/mr_manager.o
LOAD Src/stm32g0xx_hal_msp.o
LOAD Src/stm32g0xx_it.o
LOAD Src/syscalls.o
LOAD Src/sysmem.o
LOAD Src/system_stm32g0xx.o
LOAD Src/translateur.o
LOAD Src/vcaptor.o
LOAD Startup/startup_stm32g070rbtx.o
START GROUP
LOAD c:/st/stm32cubeide_1.3.0/stm32cubeide/plugins/com.st.stm32cube.ide.mcu.externaltools.gnu-tools-for-stm32.7-2018-q2-update.win32_1.0.0.201904181610/tools/bin/../lib/gcc/arm-none-eabi/7.3.1/../../../../arm-none-eabi/lib/thumb/v6-m\libc_nano.a
LOAD c:/st/stm32cubeide_1.3.0/stm32cubeide/plugins/com.st.stm32cube.ide.mcu.externaltools.gnu-tools-for-stm32.7-2018-q2-update.win32_1.0.0.201904181610/tools/bin/../lib/gcc/arm-none-eabi/7.3.1/../../../../arm-none-eabi/lib/thumb/v6-m\libm.a
END GROUP
START GROUP
LOAD c:/st/stm32cubeide_1.3.0/stm32cubeide/plugins/com.st.stm32cube.ide.mcu.externaltools.gnu-tools-for-stm32.7-2018-q2-update.win32_1.0.0.201904181610/tools/bin/../lib/gcc/arm-none-eabi/7.3.1/thumb/v6-m\libgcc.a
LOAD c:/st/stm32cubeide_1.3.0/stm32cubeide/plugins/com.st.stm32cube.ide.mcu.externaltools.gnu-tools-for-stm32.7-2018-q2-update.win32_1.0.0.201904181610/tools/bin/../lib/gcc/arm-none-eabi/7.3.1/../../../../arm-none-eabi/lib/thumb/v6-m\libc_nano.a
END GROUP
START GROUP
LOAD c:/st/stm32cubeide_1.3.0/stm32cubeide/plugins/com.st.stm32cube.ide.mcu.externaltools.gnu-tools-for-stm32.7-2018-q2-update.win32_1.0.0.201904181610/tools/bin/../lib/gcc/arm-none-eabi/7.3.1/thumb/v6-m\libgcc.a
LOAD c:/st/stm32cubeide_1.3.0/stm32cubeide/plugins/com.st.stm32cube.ide.mcu.externaltools.gnu-tools-for-stm32.7-2018-q2-update.win32_1.0.0.201904181610/tools/bin/../lib/gcc/arm-none-eabi/7.3.1/../../../../arm-none-eabi/lib/thumb/v6-m\libc_nano.a
LOAD c:/st/stm32cubeide_1.3.0/stm32cubeide/plugins/com.st.stm32cube.ide.mcu.externaltools.gnu-tools-for-stm32.7-2018-q2-update.win32_1.0.0.201904181610/tools/bin/../lib/gcc/arm-none-eabi/7.3.1/../../../../arm-none-eabi/lib/thumb/v6-m\libnosys.a
END GROUP
START GROUP
LOAD c:/st/stm32cubeide_1.3.0/stm32cubeide/plugins/com.st.stm32cube.ide.mcu.externaltools.gnu-tools-for-stm32.7-2018-q2-update.win32_1.0.0.201904181610/tools/bin/../lib/gcc/arm-none-eabi/7.3.1/thumb/v6-m\libgcc.a
LOAD c:/st/stm32cubeide_1.3.0/stm32cubeide/plugins/com.st.stm32cube.ide.mcu.externaltools.gnu-tools-for-stm32.7-2018-q2-update.win32_1.0.0.201904181610/tools/bin/../lib/gcc/arm-none-eabi/7.3.1/../../../../arm-none-eabi/lib/thumb/v6-m\libc_nano.a
LOAD c:/st/stm32cubeide_1.3.0/stm32cubeide/plugins/com.st.stm32cube.ide.mcu.externaltools.gnu-tools-for-stm32.7-2018-q2-update.win32_1.0.0.201904181610/tools/bin/../lib/gcc/arm-none-eabi/7.3.1/../../../../arm-none-eabi/lib/thumb/v6-m\libnosys.a
END GROUP
LOAD c:/st/stm32cubeide_1.3.0/stm32cubeide/plugins/com.st.stm32cube.ide.mcu.externaltools.gnu-tools-for-stm32.7-2018-q2-update.win32_1.0.0.201904181610/tools/bin/../lib/gcc/arm-none-eabi/7.3.1/thumb/v6-m/crtend.o
LOAD c:/st/stm32cubeide_1.3.0/stm32cubeide/plugins/com.st.stm32cube.ide.mcu.externaltools.gnu-tools-for-stm32.7-2018-q2-update.win32_1.0.0.201904181610/tools/bin/../lib/gcc/arm-none-eabi/7.3.1/thumb/v6-m/crtn.o
                0x0000000020009000                _estack = 0x20009000
                0x0000000000000200                _Min_Heap_Size = 0x200
                0x0000000000000400                _Min_Stack_Size = 0x400

.isr_vector     0x0000000008000000       0xb8
                0x0000000008000000                . = ALIGN (0x4)
 *(.isr_vector)
 .isr_vector    0x0000000008000000       0xb8 Startup/startup_stm32g070rbtx.o
                0x0000000008000000                g_pfnVectors
                0x00000000080000b8                . = ALIGN (0x4)

.text           0x00000000080000b8     0xd074
                0x00000000080000b8                . = ALIGN (0x4)
 *(.text)
 .text          0x00000000080000b8       0x48 c:/st/stm32cubeide_1.3.0/stm32cubeide/plugins/com.st.stm32cube.ide.mcu.externaltools.gnu-tools-for-stm32.7-2018-q2-update.win32_1.0.0.201904181610/tools/bin/../lib/gcc/arm-none-eabi/7.3.1/thumb/v6-m/crtbegin.o
 .text          0x0000000008000100      0x114 c:/st/stm32cubeide_1.3.0/stm32cubeide/plugins/com.st.stm32cube.ide.mcu.externaltools.gnu-tools-for-stm32.7-2018-q2-update.win32_1.0.0.201904181610/tools/bin/../lib/gcc/arm-none-eabi/7.3.1/thumb/v6-m\libgcc.a(_udivsi3.o)
                0x0000000008000100                __aeabi_uidiv
                0x0000000008000100                __udivsi3
                0x000000000800020c                __aeabi_uidivmod
 .text          0x0000000008000214      0x1d4 c:/st/stm32cubeide_1.3.0/stm32cubeide/plugins/com.st.stm32cube.ide.mcu.externaltools.gnu-tools-for-stm32.7-2018-q2-update.win32_1.0.0.201904181610/tools/bin/../lib/gcc/arm-none-eabi/7.3.1/thumb/v6-m\libgcc.a(_divsi3.o)
                0x0000000008000214                __divsi3
                0x0000000008000214                __aeabi_idiv
                0x00000000080003e0                __aeabi_idivmod
 .text          0x00000000080003e8        0x4 c:/st/stm32cubeide_1.3.0/stm32cubeide/plugins/com.st.stm32cube.ide.mcu.externaltools.gnu-tools-for-stm32.7-2018-q2-update.win32_1.0.0.201904181610/tools/bin/../lib/gcc/arm-none-eabi/7.3.1/thumb/v6-m\libgcc.a(_dvmd_tls.o)
                0x00000000080003e8                __aeabi_idiv0
                0x00000000080003e8                __aeabi_ldiv0
 .text          0x00000000080003ec       0x74 c:/st/stm32cubeide_1.3.0/stm32cubeide/plugins/com.st.stm32cube.ide.mcu.externaltools.gnu-tools-for-stm32.7-2018-q2-update.win32_1.0.0.201904181610/tools/bin/../lib/gcc/arm-none-eabi/7.3.1/thumb/v6-m\libgcc.a(_arm_cmpsf2.o)
                0x00000000080003ec                __aeabi_cfrcmple
                0x00000000080003f4                __aeabi_cfcmpeq
                0x00000000080003f4                __aeabi_cfcmple
                0x0000000008000404                __aeabi_fcmpeq
                0x0000000008000410                __aeabi_fcmplt
                0x0000000008000424                __aeabi_fcmple
                0x0000000008000438                __aeabi_fcmpgt
                0x000000000800044c                __aeabi_fcmpge
 .text          0x0000000008000460       0x30 c:/st/stm32cubeide_1.3.0/stm32cubeide/plugins/com.st.stm32cube.ide.mcu.externaltools.gnu-tools-for-stm32.7-2018-q2-update.win32_1.0.0.201904181610/tools/bin/../lib/gcc/arm-none-eabi/7.3.1/thumb/v6-m\libgcc.a(_fixunssfsi.o)
                0x0000000008000460                __fixunssfsi
                0x0000000008000460                __aeabi_f2uiz
 .text          0x0000000008000490      0x334 c:/st/stm32cubeide_1.3.0/stm32cubeide/plugins/com.st.stm32cube.ide.mcu.externaltools.gnu-tools-for-stm32.7-2018-q2-update.win32_1.0.0.201904181610/tools/bin/../lib/gcc/arm-none-eabi/7.3.1/thumb/v6-m\libgcc.a(addsf3.o)
                0x0000000008000490                __aeabi_fadd
 .text          0x00000000080007c4      0x224 c:/st/stm32cubeide_1.3.0/stm32cubeide/plugins/com.st.stm32cube.ide.mcu.externaltools.gnu-tools-for-stm32.7-2018-q2-update.win32_1.0.0.201904181610/tools/bin/../lib/gcc/arm-none-eabi/7.3.1/thumb/v6-m\libgcc.a(divsf3.o)
                0x00000000080007c4                __aeabi_fdiv
 .text          0x00000000080009e8       0x50 c:/st/stm32cubeide_1.3.0/stm32cubeide/plugins/com.st.stm32cube.ide.mcu.externaltools.gnu-tools-for-stm32.7-2018-q2-update.win32_1.0.0.201904181610/tools/bin/../lib/gcc/arm-none-eabi/7.3.1/thumb/v6-m\libgcc.a(eqsf2.o)
                0x00000000080009e8                __eqsf2
                0x00000000080009e8                __nesf2
 .text          0x0000000008000a38       0x9c c:/st/stm32cubeide_1.3.0/stm32cubeide/plugins/com.st.stm32cube.ide.mcu.externaltools.gnu-tools-for-stm32.7-2018-q2-update.win32_1.0.0.201904181610/tools/bin/../lib/gcc/arm-none-eabi/7.3.1/thumb/v6-m\libgcc.a(gesf2.o)
                0x0000000008000a38                __gesf2
                0x0000000008000a38                __gtsf2
 .text          0x0000000008000ad4       0xa0 c:/st/stm32cubeide_1.3.0/stm32cubeide/plugins/com.st.stm32cube.ide.mcu.externaltools.gnu-tools-for-stm32.7-2018-q2-update.win32_1.0.0.201904181610/tools/bin/../lib/gcc/arm-none-eabi/7.3.1/thumb/v6-m\libgcc.a(lesf2.o)
                0x0000000008000ad4                __ltsf2
                0x0000000008000ad4                __lesf2
 .text          0x0000000008000b74      0x264 c:/st/stm32cubeide_1.3.0/stm32cubeide/plugins/com.st.stm32cube.ide.mcu.externaltools.gnu-tools-for-stm32.7-2018-q2-update.win32_1.0.0.201904181610/tools/bin/../lib/gcc/arm-none-eabi/7.3.1/thumb/v6-m\libgcc.a(mulsf3.o)
                0x0000000008000b74                __aeabi_fmul
 .text          0x0000000008000dd8      0x388 c:/st/stm32cubeide_1.3.0/stm32cubeide/plugins/com.st.stm32cube.ide.mcu.externaltools.gnu-tools-for-stm32.7-2018-q2-update.win32_1.0.0.201904181610/tools/bin/../lib/gcc/arm-none-eabi/7.3.1/thumb/v6-m\libgcc.a(subsf3.o)
                0x0000000008000dd8                __aeabi_fsub
 .text          0x0000000008001160       0x40 c:/st/stm32cubeide_1.3.0/stm32cubeide/plugins/com.st.stm32cube.ide.mcu.externaltools.gnu-tools-for-stm32.7-2018-q2-update.win32_1.0.0.201904181610/tools/bin/../lib/gcc/arm-none-eabi/7.3.1/thumb/v6-m\libgcc.a(fixsfsi.o)
                0x0000000008001160                __aeabi_f2iz
 .text          0x00000000080011a0       0x94 c:/st/stm32cubeide_1.3.0/stm32cubeide/plugins/com.st.stm32cube.ide.mcu.externaltools.gnu-tools-for-stm32.7-2018-q2-update.win32_1.0.0.201904181610/tools/bin/../lib/gcc/arm-none-eabi/7.3.1/thumb/v6-m\libgcc.a(floatsisf.o)
                0x00000000080011a0                __aeabi_i2f
 .text          0x0000000008001234       0x80 c:/st/stm32cubeide_1.3.0/stm32cubeide/plugins/com.st.stm32cube.ide.mcu.externaltools.gnu-tools-for-stm32.7-2018-q2-update.win32_1.0.0.201904181610/tools/bin/../lib/gcc/arm-none-eabi/7.3.1/thumb/v6-m\libgcc.a(floatunsisf.o)
                0x0000000008001234                __aeabi_ui2f
 .text          0x00000000080012b4       0x3c c:/st/stm32cubeide_1.3.0/stm32cubeide/plugins/com.st.stm32cube.ide.mcu.externaltools.gnu-tools-for-stm32.7-2018-q2-update.win32_1.0.0.201904181610/tools/bin/../lib/gcc/arm-none-eabi/7.3.1/thumb/v6-m\libgcc.a(_clzsi2.o)
                0x00000000080012b4                __clzsi2
 *(.text*)
 .text.HAL_Init
                0x00000000080012f0       0x40 Drivers/STM32G0xx_HAL_Driver/Src/stm32g0xx_hal.o
                0x00000000080012f0                HAL_Init
 .text.HAL_InitTick
                0x0000000008001330       0x94 Drivers/STM32G0xx_HAL_Driver/Src/stm32g0xx_hal.o
                0x0000000008001330                HAL_InitTick
 .text.HAL_IncTick
                0x00000000080013c4       0x20 Drivers/STM32G0xx_HAL_Driver/Src/stm32g0xx_hal.o
                0x00000000080013c4                HAL_IncTick
 .text.HAL_GetTick
                0x00000000080013e4       0x14 Drivers/STM32G0xx_HAL_Driver/Src/stm32g0xx_hal.o
                0x00000000080013e4                HAL_GetTick
 .text.HAL_Delay
                0x00000000080013f8       0x44 Drivers/STM32G0xx_HAL_Driver/Src/stm32g0xx_hal.o
                0x00000000080013f8                HAL_Delay
 .text.LL_ADC_SetCommonPathInternalCh
                0x000000000800143c       0x28 Drivers/STM32G0xx_HAL_Driver/Src/stm32g0xx_hal_adc.o
 .text.LL_ADC_GetCommonPathInternalCh
                0x0000000008001464       0x1a Drivers/STM32G0xx_HAL_Driver/Src/stm32g0xx_hal_adc.o
 .text.LL_ADC_SetSamplingTimeCommonChannels
                0x000000000800147e       0x3a Drivers/STM32G0xx_HAL_Driver/Src/stm32g0xx_hal_adc.o
 .text.LL_ADC_REG_IsTriggerSourceSWStart
                0x00000000080014b8       0x22 Drivers/STM32G0xx_HAL_Driver/Src/stm32g0xx_hal_adc.o
 .text.LL_ADC_REG_SetSequencerRanks
                0x00000000080014da       0x40 Drivers/STM32G0xx_HAL_Driver/Src/stm32g0xx_hal_adc.o
 .text.LL_ADC_REG_SetSequencerChAdd
                0x000000000800151a       0x22 Drivers/STM32G0xx_HAL_Driver/Src/stm32g0xx_hal_adc.o
 .text.LL_ADC_REG_SetSequencerChRem
                0x000000000800153c       0x24 Drivers/STM32G0xx_HAL_Driver/Src/stm32g0xx_hal_adc.o
 .text.LL_ADC_SetChannelSamplingTime
                0x0000000008001560       0x38 Drivers/STM32G0xx_HAL_Driver/Src/stm32g0xx_hal_adc.o
 .text.LL_ADC_SetAnalogWDMonitChannels
                0x0000000008001598       0x58 Drivers/STM32G0xx_HAL_Driver/Src/stm32g0xx_hal_adc.o
 .text.LL_ADC_ConfigAnalogWDThresholds
                0x00000000080015f0       0x4c Drivers/STM32G0xx_HAL_Driver/Src/stm32g0xx_hal_adc.o
 .text.LL_ADC_EnableInternalRegulator
                0x000000000800163c       0x28 Drivers/STM32G0xx_HAL_Driver/Src/stm32g0xx_hal_adc.o
 .text.LL_ADC_IsInternalRegulatorEnabled
                0x0000000008001664       0x28 Drivers/STM32G0xx_HAL_Driver/Src/stm32g0xx_hal_adc.o
 .text.LL_ADC_Enable
                0x000000000800168c       0x24 Drivers/STM32G0xx_HAL_Driver/Src/stm32g0xx_hal_adc.o
 .text.LL_ADC_Disable
                0x00000000080016b0       0x24 Drivers/STM32G0xx_HAL_Driver/Src/stm32g0xx_hal_adc.o
 .text.LL_ADC_IsEnabled
                0x00000000080016d4       0x22 Drivers/STM32G0xx_HAL_Driver/Src/stm32g0xx_hal_adc.o
 *fill*         0x00000000080016f6        0x2 
 .text.LL_ADC_REG_StartConversion
                0x00000000080016f8       0x24 Drivers/STM32G0xx_HAL_Driver/Src/stm32g0xx_hal_adc.o
 .text.LL_ADC_REG_IsConversionOngoing
                0x000000000800171c       0x22 Drivers/STM32G0xx_HAL_Driver/Src/stm32g0xx_hal_adc.o
 .text.LL_ADC_ClearFlag_AWD1
                0x000000000800173e       0x16 Drivers/STM32G0xx_HAL_Driver/Src/stm32g0xx_hal_adc.o
 .text.LL_ADC_ClearFlag_AWD2
                0x0000000008001754       0x18 Drivers/STM32G0xx_HAL_Driver/Src/stm32g0xx_hal_adc.o
 .text.LL_ADC_ClearFlag_AWD3
                0x000000000800176c       0x18 Drivers/STM32G0xx_HAL_Driver/Src/stm32g0xx_hal_adc.o
 .text.LL_ADC_EnableIT_AWD1
                0x0000000008001784       0x1c Drivers/STM32G0xx_HAL_Driver/Src/stm32g0xx_hal_adc.o
 .text.LL_ADC_EnableIT_AWD2
                0x00000000080017a0       0x1e Drivers/STM32G0xx_HAL_Driver/Src/stm32g0xx_hal_adc.o
 .text.LL_ADC_EnableIT_AWD3
                0x00000000080017be       0x1e Drivers/STM32G0xx_HAL_Driver/Src/stm32g0xx_hal_adc.o
 .text.LL_ADC_DisableIT_AWD1
                0x00000000080017dc       0x1e Drivers/STM32G0xx_HAL_Driver/Src/stm32g0xx_hal_adc.o
 *fill*         0x00000000080017fa        0x2 
 .text.LL_ADC_DisableIT_AWD2
                0x00000000080017fc       0x20 Drivers/STM32G0xx_HAL_Driver/Src/stm32g0xx_hal_adc.o
 .text.LL_ADC_DisableIT_AWD3
                0x000000000800181c       0x20 Drivers/STM32G0xx_HAL_Driver/Src/stm32g0xx_hal_adc.o
 .text.HAL_ADC_Init
                0x000000000800183c      0x3ac Drivers/STM32G0xx_HAL_Driver/Src/stm32g0xx_hal_adc.o
                0x000000000800183c                HAL_ADC_Init
 .text.HAL_ADC_PollForConversion
                0x0000000008001be8      0x11c Drivers/STM32G0xx_HAL_Driver/Src/stm32g0xx_hal_adc.o
                0x0000000008001be8                HAL_ADC_PollForConversion
 .text.HAL_ADC_Start_DMA
                0x0000000008001d04      0x11c Drivers/STM32G0xx_HAL_Driver/Src/stm32g0xx_hal_adc.o
                0x0000000008001d04                HAL_ADC_Start_DMA
 .text.HAL_ADC_GetValue
                0x0000000008001e20       0x16 Drivers/STM32G0xx_HAL_Driver/Src/stm32g0xx_hal_adc.o
                0x0000000008001e20                HAL_ADC_GetValue
 .text.HAL_ADC_ConvCpltCallback
                0x0000000008001e36       0x10 Drivers/STM32G0xx_HAL_Driver/Src/stm32g0xx_hal_adc.o
                0x0000000008001e36                HAL_ADC_ConvCpltCallback
 .text.HAL_ADC_ConvHalfCpltCallback
                0x0000000008001e46       0x10 Drivers/STM32G0xx_HAL_Driver/Src/stm32g0xx_hal_adc.o
                0x0000000008001e46                HAL_ADC_ConvHalfCpltCallback
 .text.HAL_ADC_ErrorCallback
                0x0000000008001e56       0x10 Drivers/STM32G0xx_HAL_Driver/Src/stm32g0xx_hal_adc.o
                0x0000000008001e56                HAL_ADC_ErrorCallback
 *fill*         0x0000000008001e66        0x2 
 .text.HAL_ADC_ConfigChannel
                0x0000000008001e68      0x3a8 Drivers/STM32G0xx_HAL_Driver/Src/stm32g0xx_hal_adc.o
                0x0000000008001e68                HAL_ADC_ConfigChannel
 .text.HAL_ADC_AnalogWDGConfig
                0x0000000008002210      0x510 Drivers/STM32G0xx_HAL_Driver/Src/stm32g0xx_hal_adc.o
                0x0000000008002210                HAL_ADC_AnalogWDGConfig
 .text.ADC_Enable
                0x0000000008002720       0xb8 Drivers/STM32G0xx_HAL_Driver/Src/stm32g0xx_hal_adc.o
                0x0000000008002720                ADC_Enable
 .text.ADC_DMAConvCplt
                0x00000000080027d8       0xc8 Drivers/STM32G0xx_HAL_Driver/Src/stm32g0xx_hal_adc.o
 .text.ADC_DMAHalfConvCplt
                0x00000000080028a0       0x1e Drivers/STM32G0xx_HAL_Driver/Src/stm32g0xx_hal_adc.o
 .text.ADC_DMAError
                0x00000000080028be       0x36 Drivers/STM32G0xx_HAL_Driver/Src/stm32g0xx_hal_adc.o
 .text.__NVIC_EnableIRQ
                0x00000000080028f4       0x34 Drivers/STM32G0xx_HAL_Driver/Src/stm32g0xx_hal_cortex.o
 .text.__NVIC_SetPriority
                0x0000000008002928       0xdc Drivers/STM32G0xx_HAL_Driver/Src/stm32g0xx_hal_cortex.o
 .text.SysTick_Config
                0x0000000008002a04       0x48 Drivers/STM32G0xx_HAL_Driver/Src/stm32g0xx_hal_cortex.o
 .text.HAL_NVIC_SetPriority
                0x0000000008002a4c       0x2a Drivers/STM32G0xx_HAL_Driver/Src/stm32g0xx_hal_cortex.o
                0x0000000008002a4c                HAL_NVIC_SetPriority
 .text.HAL_NVIC_EnableIRQ
                0x0000000008002a76       0x20 Drivers/STM32G0xx_HAL_Driver/Src/stm32g0xx_hal_cortex.o
                0x0000000008002a76                HAL_NVIC_EnableIRQ
 .text.HAL_SYSTICK_Config
                0x0000000008002a96       0x1a Drivers/STM32G0xx_HAL_Driver/Src/stm32g0xx_hal_cortex.o
                0x0000000008002a96                HAL_SYSTICK_Config
 .text.HAL_DMA_Init
                0x0000000008002ab0      0x114 Drivers/STM32G0xx_HAL_Driver/Src/stm32g0xx_hal_dma.o
                0x0000000008002ab0                HAL_DMA_Init
 .text.HAL_DMA_Start_IT
                0x0000000008002bc4      0x10e Drivers/STM32G0xx_HAL_Driver/Src/stm32g0xx_hal_dma.o
                0x0000000008002bc4                HAL_DMA_Start_IT
 *fill*         0x0000000008002cd2        0x2 
 .text.HAL_DMA_Abort_IT
                0x0000000008002cd4       0xf4 Drivers/STM32G0xx_HAL_Driver/Src/stm32g0xx_hal_dma.o
                0x0000000008002cd4                HAL_DMA_Abort_IT
 .text.HAL_DMA_IRQHandler
                0x0000000008002dc8      0x164 Drivers/STM32G0xx_HAL_Driver/Src/stm32g0xx_hal_dma.o
                0x0000000008002dc8                HAL_DMA_IRQHandler
 .text.DMA_SetConfig
                0x0000000008002f2c       0x80 Drivers/STM32G0xx_HAL_Driver/Src/stm32g0xx_hal_dma.o
 .text.DMA_CalcDMAMUXChannelBaseAndMask
                0x0000000008002fac       0x58 Drivers/STM32G0xx_HAL_Driver/Src/stm32g0xx_hal_dma.o
 .text.DMA_CalcDMAMUXRequestGenBaseAndMask
                0x0000000008003004       0x48 Drivers/STM32G0xx_HAL_Driver/Src/stm32g0xx_hal_dma.o
 .text.HAL_GPIO_Init
                0x000000000800304c      0x2c8 Drivers/STM32G0xx_HAL_Driver/Src/stm32g0xx_hal_gpio.o
                0x000000000800304c                HAL_GPIO_Init
 .text.HAL_GPIO_ReadPin
                0x0000000008003314       0x3a Drivers/STM32G0xx_HAL_Driver/Src/stm32g0xx_hal_gpio.o
                0x0000000008003314                HAL_GPIO_ReadPin
 .text.HAL_GPIO_WritePin
                0x000000000800334e       0x3a Drivers/STM32G0xx_HAL_Driver/Src/stm32g0xx_hal_gpio.o
                0x000000000800334e                HAL_GPIO_WritePin
 .text.HAL_GPIO_TogglePin
                0x0000000008003388       0x34 Drivers/STM32G0xx_HAL_Driver/Src/stm32g0xx_hal_gpio.o
                0x0000000008003388                HAL_GPIO_TogglePin
 .text.HAL_PWREx_ControlVoltageScaling
                0x00000000080033bc       0x80 Drivers/STM32G0xx_HAL_Driver/Src/stm32g0xx_hal_pwr_ex.o
                0x00000000080033bc                HAL_PWREx_ControlVoltageScaling
 .text.LL_RCC_GetAPB1Prescaler
                0x000000000800343c       0x18 Drivers/STM32G0xx_HAL_Driver/Src/stm32g0xx_hal_rcc.o
 .text.HAL_RCC_OscConfig
                0x0000000008003454      0x62c Drivers/STM32G0xx_HAL_Driver/Src/stm32g0xx_hal_rcc.o
                0x0000000008003454                HAL_RCC_OscConfig
 .text.HAL_RCC_ClockConfig
                0x0000000008003a80      0x210 Drivers/STM32G0xx_HAL_Driver/Src/stm32g0xx_hal_rcc.o
                0x0000000008003a80                HAL_RCC_ClockConfig
 .text.HAL_RCC_GetSysClockFreq
                0x0000000008003c90      0x104 Drivers/STM32G0xx_HAL_Driver/Src/stm32g0xx_hal_rcc.o
                0x0000000008003c90                HAL_RCC_GetSysClockFreq
 .text.HAL_RCC_GetHCLKFreq
                0x0000000008003d94       0x14 Drivers/STM32G0xx_HAL_Driver/Src/stm32g0xx_hal_rcc.o
                0x0000000008003d94                HAL_RCC_GetHCLKFreq
 .text.HAL_RCC_GetPCLK1Freq
                0x0000000008003da8       0x2c Drivers/STM32G0xx_HAL_Driver/Src/stm32g0xx_hal_rcc.o
                0x0000000008003da8                HAL_RCC_GetPCLK1Freq
 .text.HAL_RCCEx_PeriphCLKConfig
                0x0000000008003dd4      0x26c Drivers/STM32G0xx_HAL_Driver/Src/stm32g0xx_hal_rcc_ex.o
                0x0000000008003dd4                HAL_RCCEx_PeriphCLKConfig
 .text.HAL_TIM_Base_Start
                0x0000000008004040       0x54 Drivers/STM32G0xx_HAL_Driver/Src/stm32g0xx_hal_tim.o
                0x0000000008004040                HAL_TIM_Base_Start
 .text.HAL_TIM_PWM_Init
                0x0000000008004094       0x58 Drivers/STM32G0xx_HAL_Driver/Src/stm32g0xx_hal_tim.o
                0x0000000008004094                HAL_TIM_PWM_Init
 .text.HAL_TIM_PWM_Start
                0x00000000080040ec       0xa8 Drivers/STM32G0xx_HAL_Driver/Src/stm32g0xx_hal_tim.o
                0x00000000080040ec                HAL_TIM_PWM_Start
 .text.HAL_TIM_PWM_ConfigChannel
                0x0000000008004194      0x1fc Drivers/STM32G0xx_HAL_Driver/Src/stm32g0xx_hal_tim.o
                0x0000000008004194                HAL_TIM_PWM_ConfigChannel
 .text.TIM_Base_SetConfig
                0x0000000008004390       0xec Drivers/STM32G0xx_HAL_Driver/Src/stm32g0xx_hal_tim.o
                0x0000000008004390                TIM_Base_SetConfig
 .text.TIM_OC1_SetConfig
                0x000000000800447c      0x114 Drivers/STM32G0xx_HAL_Driver/Src/stm32g0xx_hal_tim.o
 .text.TIM_OC2_SetConfig
                0x0000000008004590      0x108 Drivers/STM32G0xx_HAL_Driver/Src/stm32g0xx_hal_tim.o
                0x0000000008004590                TIM_OC2_SetConfig
 .text.TIM_OC3_SetConfig
                0x0000000008004698      0x110 Drivers/STM32G0xx_HAL_Driver/Src/stm32g0xx_hal_tim.o
 .text.TIM_OC4_SetConfig
                0x00000000080047a8       0xd4 Drivers/STM32G0xx_HAL_Driver/Src/stm32g0xx_hal_tim.o
 .text.TIM_OC5_SetConfig
                0x000000000800487c       0xc0 Drivers/STM32G0xx_HAL_Driver/Src/stm32g0xx_hal_tim.o
 .text.TIM_OC6_SetConfig
                0x000000000800493c       0xc8 Drivers/STM32G0xx_HAL_Driver/Src/stm32g0xx_hal_tim.o
 .text.TIM_CCxChannelCmd
                0x0000000008004a04       0x46 Drivers/STM32G0xx_HAL_Driver/Src/stm32g0xx_hal_tim.o
                0x0000000008004a04                TIM_CCxChannelCmd
 *fill*         0x0000000008004a4a        0x2 
 .text.HAL_TIMEx_MasterConfigSynchronization
                0x0000000008004a4c       0xac Drivers/STM32G0xx_HAL_Driver/Src/stm32g0xx_hal_tim_ex.o
                0x0000000008004a4c                HAL_TIMEx_MasterConfigSynchronization
 .text.HAL_TIMEx_ConfigBreakDeadTime
                0x0000000008004af8      0x14c Drivers/STM32G0xx_HAL_Driver/Src/stm32g0xx_hal_tim_ex.o
                0x0000000008004af8                HAL_TIMEx_ConfigBreakDeadTime
 .text.HAL_UART_Init
                0x0000000008004c44       0xac Drivers/STM32G0xx_HAL_Driver/Src/stm32g0xx_hal_uart.o
                0x0000000008004c44                HAL_UART_Init
 .text.HAL_UART_Transmit
                0x0000000008004cf0      0x156 Drivers/STM32G0xx_HAL_Driver/Src/stm32g0xx_hal_uart.o
                0x0000000008004cf0                HAL_UART_Transmit
 *fill*         0x0000000008004e46        0x2 
 .text.HAL_UART_Receive_IT
                0x0000000008004e48      0x1e8 Drivers/STM32G0xx_HAL_Driver/Src/stm32g0xx_hal_uart.o
                0x0000000008004e48                HAL_UART_Receive_IT
 .text.HAL_UART_IRQHandler
                0x0000000008005030      0x2bc Drivers/STM32G0xx_HAL_Driver/Src/stm32g0xx_hal_uart.o
                0x0000000008005030                HAL_UART_IRQHandler
 .text.HAL_UART_ErrorCallback
                0x00000000080052ec       0x10 Drivers/STM32G0xx_HAL_Driver/Src/stm32g0xx_hal_uart.o
                0x00000000080052ec                HAL_UART_ErrorCallback
 .text.UART_SetConfig
                0x00000000080052fc      0x910 Drivers/STM32G0xx_HAL_Driver/Src/stm32g0xx_hal_uart.o
                0x00000000080052fc                UART_SetConfig
 .text.UART_AdvFeatureConfig
                0x0000000008005c0c      0x168 Drivers/STM32G0xx_HAL_Driver/Src/stm32g0xx_hal_uart.o
                0x0000000008005c0c                UART_AdvFeatureConfig
 .text.UART_CheckIdleState
                0x0000000008005d74       0x94 Drivers/STM32G0xx_HAL_Driver/Src/stm32g0xx_hal_uart.o
                0x0000000008005d74                UART_CheckIdleState
 .text.UART_WaitOnFlagUntilTimeout
                0x0000000008005e08       0x98 Drivers/STM32G0xx_HAL_Driver/Src/stm32g0xx_hal_uart.o
                0x0000000008005e08                UART_WaitOnFlagUntilTimeout
 .text.UART_EndRxTransfer
                0x0000000008005ea0       0x48 Drivers/STM32G0xx_HAL_Driver/Src/stm32g0xx_hal_uart.o
 .text.UART_DMAAbortOnError
                0x0000000008005ee8       0x2e Drivers/STM32G0xx_HAL_Driver/Src/stm32g0xx_hal_uart.o
 .text.UART_EndTransmit_IT
                0x0000000008005f16       0x36 Drivers/STM32G0xx_HAL_Driver/Src/stm32g0xx_hal_uart.o
 .text.UART_RxISR_8BIT
                0x0000000008005f4c       0xc0 Drivers/STM32G0xx_HAL_Driver/Src/stm32g0xx_hal_uart.o
 .text.UART_RxISR_16BIT
                0x000000000800600c       0xc0 Drivers/STM32G0xx_HAL_Driver/Src/stm32g0xx_hal_uart.o
 .text.UART_RxISR_8BIT_FIFOEN
                0x00000000080060cc      0x13c Drivers/STM32G0xx_HAL_Driver/Src/stm32g0xx_hal_uart.o
 .text.UART_RxISR_16BIT_FIFOEN
                0x0000000008006208      0x13c Drivers/STM32G0xx_HAL_Driver/Src/stm32g0xx_hal_uart.o
 .text.HAL_UARTEx_WakeupCallback
                0x0000000008006344       0x10 Drivers/STM32G0xx_HAL_Driver/Src/stm32g0xx_hal_uart_ex.o
                0x0000000008006344                HAL_UARTEx_WakeupCallback
 .text.HAL_UARTEx_RxFifoFullCallback
                0x0000000008006354       0x10 Drivers/STM32G0xx_HAL_Driver/Src/stm32g0xx_hal_uart_ex.o
                0x0000000008006354                HAL_UARTEx_RxFifoFullCallback
 .text.HAL_UARTEx_TxFifoEmptyCallback
                0x0000000008006364       0x10 Drivers/STM32G0xx_HAL_Driver/Src/stm32g0xx_hal_uart_ex.o
                0x0000000008006364                HAL_UARTEx_TxFifoEmptyCallback
 .text.HAL_UARTEx_DisableFifoMode
                0x0000000008006374       0x74 Drivers/STM32G0xx_HAL_Driver/Src/stm32g0xx_hal_uart_ex.o
                0x0000000008006374                HAL_UARTEx_DisableFifoMode
 .text.HAL_UARTEx_SetTxFifoThreshold
                0x00000000080063e8       0x7e Drivers/STM32G0xx_HAL_Driver/Src/stm32g0xx_hal_uart_ex.o
                0x00000000080063e8                HAL_UARTEx_SetTxFifoThreshold
 *fill*         0x0000000008006466        0x2 
 .text.HAL_UARTEx_SetRxFifoThreshold
                0x0000000008006468       0x84 Drivers/STM32G0xx_HAL_Driver/Src/stm32g0xx_hal_uart_ex.o
                0x0000000008006468                HAL_UARTEx_SetRxFifoThreshold
 .text.UARTEx_SetNbDataToProcess
                0x00000000080064ec       0xd4 Drivers/STM32G0xx_HAL_Driver/Src/stm32g0xx_hal_uart_ex.o
 .text.standardInitExtCaptor
                0x00000000080065c0       0x16 Src/ext_captor.o
                0x00000000080065c0                standardInitExtCaptor
 .text.initGroups
                0x00000000080065d6       0x46 Src/group_manager.o
                0x00000000080065d6                initGroups
 .text.update   0x000000000800661c       0x36 Src/group_manager.o
                0x000000000800661c                update
 .text.updateGroupSynchros
                0x0000000008006652       0x4e Src/group_manager.o
                0x0000000008006652                updateGroupSynchros
 .text.updateVCaptors
                0x00000000080066a0       0x5c Src/group_manager.o
                0x00000000080066a0                updateVCaptors
 .text.updateMotors
                0x00000000080066fc       0x48 Src/group_manager.o
                0x00000000080066fc                updateMotors
 .text.eraseGroup
                0x0000000008006744       0x2c Src/group_manager.o
                0x0000000008006744                eraseGroup
 .text.collapseGroups
                0x0000000008006770      0x158 Src/group_manager.o
                0x0000000008006770                collapseGroups
 .text.addGroup
                0x00000000080068c8      0x128 Src/group_manager.o
                0x00000000080068c8                addGroup
 .text.initGroup
                0x00000000080069f0       0xa4 Src/group_synchro.o
                0x00000000080069f0                initGroup
 .text.updateSynchro
                0x0000000008006a94       0x54 Src/group_synchro.o
                0x0000000008006a94                updateSynchro
 .text.GS_startMotors
                0x0000000008006ae8       0xc0 Src/group_synchro.o
                0x0000000008006ae8                GS_startMotors
 .text.GS_stopMotors
                0x0000000008006ba8       0x74 Src/group_synchro.o
                0x0000000008006ba8                GS_stopMotors
 .text.GS_startTargeting
                0x0000000008006c1c       0x5c Src/group_synchro.o
                0x0000000008006c1c                GS_startTargeting
 .text.GS_reachPosition
                0x0000000008006c78      0x108 Src/group_synchro.o
                0x0000000008006c78                GS_reachPosition
 .text.GS_startResetPosition
                0x0000000008006d80       0x4a Src/group_synchro.o
                0x0000000008006d80                GS_startResetPosition
 .text.GS_resetPosition
                0x0000000008006dca       0x7e Src/group_synchro.o
                0x0000000008006dca                GS_resetPosition
 .text.GS_autoCalibrate
                0x0000000008006e48       0x78 Src/group_synchro.o
                0x0000000008006e48                GS_autoCalibrate
 .text.computeSpeeds
                0x0000000008006ec0      0x1cc Src/group_synchro.o
                0x0000000008006ec0                computeSpeeds
 .text.GS_isOut
                0x000000000800708c       0x58 Src/group_synchro.o
                0x000000000800708c                GS_isOut
 .text.HL_initGroups
                0x00000000080070e4       0x6c Src/hl_manager.o
                0x00000000080070e4                HL_initGroups
 .text.HL_update
                0x0000000008007150      0x2aa Src/hl_manager.o
                0x0000000008007150                HL_update
 .text.HL_StartGoUp
                0x00000000080073fa       0x28 Src/hl_manager.o
                0x00000000080073fa                HL_StartGoUp
 *fill*         0x0000000008007422        0x2 
 .text.HL_GoUp  0x0000000008007424      0x318 Src/hl_manager.o
                0x0000000008007424                HL_GoUp
 .text.HL_StartGetFromDown
                0x000000000800773c       0x28 Src/hl_manager.o
                0x000000000800773c                HL_StartGetFromDown
 .text.HL_GetFromDown
                0x0000000008007764      0x1a4 Src/hl_manager.o
                0x0000000008007764                HL_GetFromDown
 .text.HL_StartGoDown
                0x0000000008007908       0x30 Src/hl_manager.o
                0x0000000008007908                HL_StartGoDown
 .text.HL_GoDown
                0x0000000008007938      0x524 Src/hl_manager.o
                0x0000000008007938                HL_GoDown
 .text.HL_StartGetFromUp
                0x0000000008007e5c       0x28 Src/hl_manager.o
                0x0000000008007e5c                HL_StartGetFromUp
 .text.HL_GetFromUp
                0x0000000008007e84      0x128 Src/hl_manager.o
                0x0000000008007e84                HL_GetFromUp
 .text.HL_StartGoRight
                0x0000000008007fac       0x38 Src/hl_manager.o
                0x0000000008007fac                HL_StartGoRight
 .text.HL_GoRight
                0x0000000008007fe4      0x1fc Src/hl_manager.o
                0x0000000008007fe4                HL_GoRight
 .text.HL_StartGetFromLeft
                0x00000000080081e0       0x38 Src/hl_manager.o
                0x00000000080081e0                HL_StartGetFromLeft
 .text.HL_GetFromLeft
                0x0000000008008218       0x60 Src/hl_manager.o
                0x0000000008008218                HL_GetFromLeft
 .text.HL_StartGoLeft
                0x0000000008008278       0x38 Src/hl_manager.o
                0x0000000008008278                HL_StartGoLeft
 .text.HL_GoLeft
                0x00000000080082b0      0x278 Src/hl_manager.o
                0x00000000080082b0                HL_GoLeft
 .text.HL_StartGetFromRight
                0x0000000008008528       0x38 Src/hl_manager.o
                0x0000000008008528                HL_StartGetFromRight
 .text.HL_GetFromRight
                0x0000000008008560       0x60 Src/hl_manager.o
                0x0000000008008560                HL_GetFromRight
 .text.HL_StartGoForward
                0x00000000080085c0       0x38 Src/hl_manager.o
                0x00000000080085c0                HL_StartGoForward
 .text.HL_GoForward
                0x00000000080085f8      0x108 Src/hl_manager.o
                0x00000000080085f8                HL_GoForward
 .text.HL_StartGetFromBackward
                0x0000000008008700       0x38 Src/hl_manager.o
                0x0000000008008700                HL_StartGetFromBackward
 .text.HL_GetFromBackward
                0x0000000008008738      0x180 Src/hl_manager.o
                0x0000000008008738                HL_GetFromBackward
 .text.HL_StartGoBackward
                0x00000000080088b8       0x38 Src/hl_manager.o
                0x00000000080088b8                HL_StartGoBackward
 .text.HL_GoBackward
                0x00000000080088f0      0x130 Src/hl_manager.o
                0x00000000080088f0                HL_GoBackward
 .text.HL_StartGetFromForward
                0x0000000008008a20       0x38 Src/hl_manager.o
                0x0000000008008a20                HL_StartGetFromForward
 .text.HL_GetFromForward
                0x0000000008008a58      0x1a0 Src/hl_manager.o
                0x0000000008008a58                HL_GetFromForward
 .text.HL_handle_message
                0x0000000008008bf8      0x170 Src/hl_manager.o
                0x0000000008008bf8                HL_handle_message
 .text.main     0x0000000008008d68      0x2c0 Src/main.o
                0x0000000008008d68                main
 .text.SystemClock_Config
                0x0000000008009028       0xd0 Src/main.o
                0x0000000008009028                SystemClock_Config
 .text.MX_ADC1_Init
                0x00000000080090f8      0x1e0 Src/main.o
 .text.MX_TIM1_Init
                0x00000000080092d8      0x198 Src/main.o
 .text.MX_TIM3_Init
                0x0000000008009470       0xd4 Src/main.o
 .text.MX_TIM15_Init
                0x0000000008009544      0x148 Src/main.o
 .text.MX_USART1_UART_Init
                0x000000000800968c       0xa4 Src/main.o
 .text.MX_USART2_UART_Init
                0x0000000008009730       0xa4 Src/main.o
 .text.MX_USART3_UART_Init
                0x00000000080097d4       0x70 Src/main.o
 .text.MX_DMA_Init
                0x0000000008009844       0x3c Src/main.o
 .text.MX_GPIO_Init
                0x0000000008009880      0x224 Src/main.o
 .text.initXCaptors
                0x0000000008009aa4       0x78 Src/main.o
                0x0000000008009aa4                initXCaptors
 .text.initMotors
                0x0000000008009b1c      0x6cc Src/main.o
                0x0000000008009b1c                initMotors
 .text.initVCaptors
                0x000000000800a1e8      0x354 Src/main.o
                0x000000000800a1e8                initVCaptors
 .text.initUARTS
                0x000000000800a53c       0x58 Src/main.o
                0x000000000800a53c                initUARTS
 .text.getUs    0x000000000800a594       0x68 Src/main.o
                0x000000000800a594                getUs
 .text.demoRun  0x000000000800a5fc      0xa50 Src/main.o
                0x000000000800a5fc                demoRun
 .text.HAL_UART_TxCpltCallback
                0x000000000800b04c       0x12 Src/main.o
                0x000000000800b04c                HAL_UART_TxCpltCallback
 *fill*         0x000000000800b05e        0x2 
 .text.HAL_UART_RxCpltCallback
                0x000000000800b060       0x94 Src/main.o
                0x000000000800b060                HAL_UART_RxCpltCallback
 .text.handle_Message
                0x000000000800b0f4       0xb8 Src/main.o
                0x000000000800b0f4                handle_Message
 .text.Error_Handler
                0x000000000800b1ac        0xa Src/main.o
                0x000000000800b1ac                Error_Handler
 *fill*         0x000000000800b1b6        0x2 
 .text.standardInitMotor
                0x000000000800b1b8       0x8c Src/motor.o
                0x000000000800b1b8                standardInitMotor
 .text.setMotorTPower
                0x000000000800b244       0x1e Src/motor.o
                0x000000000800b244                setMotorTPower
 .text.setMotorPower
                0x000000000800b262      0x134 Src/motor.o
                0x000000000800b262                setMotorPower
 .text.setMotorTSense
                0x000000000800b396       0x1e Src/motor.o
                0x000000000800b396                setMotorTSense
 .text.updateMotor
                0x000000000800b3b4      0x188 Src/motor.o
                0x000000000800b3b4                updateMotor
 .text.MR_initGroups
                0x000000000800b53c       0x56 Src/mr_manager.o
                0x000000000800b53c                MR_initGroups
 .text.MR_update
                0x000000000800b592      0x1ac Src/mr_manager.o
                0x000000000800b592                MR_update
 *fill*         0x000000000800b73e        0x2 
 .text.MR_startTargetLeft
                0x000000000800b740      0x3c0 Src/mr_manager.o
                0x000000000800b740                MR_startTargetLeft
 .text.MR_targetLeft
                0x000000000800bb00      0x168 Src/mr_manager.o
                0x000000000800bb00                MR_targetLeft
 .text.MR_startReachTop
                0x000000000800bc68       0x30 Src/mr_manager.o
                0x000000000800bc68                MR_startReachTop
 .text.MR_reachTop
                0x000000000800bc98      0x144 Src/mr_manager.o
                0x000000000800bc98                MR_reachTop
 .text.MR_startReachBottom
                0x000000000800bddc       0x30 Src/mr_manager.o
                0x000000000800bddc                MR_startReachBottom
 .text.MR_reachBottom
                0x000000000800be0c      0x144 Src/mr_manager.o
                0x000000000800be0c                MR_reachBottom
 .text.MR_goHori
                0x000000000800bf50      0x1a0 Src/mr_manager.o
                0x000000000800bf50                MR_goHori
 .text.MR_startBlindMotion
                0x000000000800c0f0       0x74 Src/mr_manager.o
                0x000000000800c0f0                MR_startBlindMotion
 .text.MR_blindMotorMotion
                0x000000000800c164       0x70 Src/mr_manager.o
                0x000000000800c164                MR_blindMotorMotion
 .text.MR_backStopMotion
                0x000000000800c1d4       0x62 Src/mr_manager.o
                0x000000000800c1d4                MR_backStopMotion
 .text.MR_startGoIn
                0x000000000800c236       0x5e Src/mr_manager.o
                0x000000000800c236                MR_startGoIn
 .text.MR_goIn  0x000000000800c294      0x10c Src/mr_manager.o
                0x000000000800c294                MR_goIn
 .text.HAL_MspInit
                0x000000000800c3a0       0x48 Src/stm32g0xx_hal_msp.o
                0x000000000800c3a0                HAL_MspInit
 .text.HAL_ADC_MspInit
                0x000000000800c3e8       0xe8 Src/stm32g0xx_hal_msp.o
                0x000000000800c3e8                HAL_ADC_MspInit
 .text.HAL_TIM_PWM_MspInit
                0x000000000800c4d0       0x94 Src/stm32g0xx_hal_msp.o
                0x000000000800c4d0                HAL_TIM_PWM_MspInit
 .text.HAL_TIM_MspPostInit
                0x000000000800c564      0x13c Src/stm32g0xx_hal_msp.o
                0x000000000800c564                HAL_TIM_MspPostInit
 .text.HAL_UART_MspInit
                0x000000000800c6a0      0x1b0 Src/stm32g0xx_hal_msp.o
                0x000000000800c6a0                HAL_UART_MspInit
 .text.NMI_Handler
                0x000000000800c850        0xa Src/stm32g0xx_it.o
                0x000000000800c850                NMI_Handler
 .text.HardFault_Handler
                0x000000000800c85a        0x6 Src/stm32g0xx_it.o
                0x000000000800c85a                HardFault_Handler
 .text.SVC_Handler
                0x000000000800c860        0xa Src/stm32g0xx_it.o
                0x000000000800c860                SVC_Handler
 .text.PendSV_Handler
                0x000000000800c86a        0xa Src/stm32g0xx_it.o
                0x000000000800c86a                PendSV_Handler
 .text.SysTick_Handler
                0x000000000800c874        0xe Src/stm32g0xx_it.o
                0x000000000800c874                SysTick_Handler
 *fill*         0x000000000800c882        0x2 
 .text.DMA1_Channel1_IRQHandler
                0x000000000800c884       0x18 Src/stm32g0xx_it.o
                0x000000000800c884                DMA1_Channel1_IRQHandler
 .text.USART1_IRQHandler
                0x000000000800c89c       0x18 Src/stm32g0xx_it.o
                0x000000000800c89c                USART1_IRQHandler
 .text.USART2_IRQHandler
                0x000000000800c8b4       0x18 Src/stm32g0xx_it.o
                0x000000000800c8b4                USART2_IRQHandler
 .text.USART3_4_IRQHandler
                0x000000000800c8cc       0x18 Src/stm32g0xx_it.o
                0x000000000800c8cc                USART3_4_IRQHandler
 .text.SystemInit
                0x000000000800c8e4       0x18 Src/system_stm32g0xx.o
                0x000000000800c8e4                SystemInit
 .text.updateVCaptor
                0x000000000800c8fc      0x188 Src/vcaptor.o
                0x000000000800c8fc                updateVCaptor
 .text.updateVSpeed
                0x000000000800ca84       0x8c Src/vcaptor.o
                0x000000000800ca84                updateVSpeed
 .text.getAverageSpeed
                0x000000000800cb10       0x50 Src/vcaptor.o
                0x000000000800cb10                getAverageSpeed
 .text.resetSpeedData
                0x000000000800cb60       0x3e Src/vcaptor.o
                0x000000000800cb60                resetSpeedData
 .text.standardInitVCaptor
                0x000000000800cb9e       0xce Src/vcaptor.o
                0x000000000800cb9e                standardInitVCaptor
 .text.startMeasure
                0x000000000800cc6c       0x1e Src/vcaptor.o
                0x000000000800cc6c                startMeasure
 .text.startTargeting
                0x000000000800cc8a       0x86 Src/vcaptor.o
                0x000000000800cc8a                startTargeting
 .text.reachPosition
                0x000000000800cd10       0x62 Src/vcaptor.o
                0x000000000800cd10                reachPosition
 .text.startResetPosition
                0x000000000800cd72       0x20 Src/vcaptor.o
                0x000000000800cd72                startResetPosition
 *fill*         0x000000000800cd92        0x2 
 .text.resetPosition
                0x000000000800cd94       0x94 Src/vcaptor.o
                0x000000000800cd94                resetPosition
 .text.autoCalibrate
                0x000000000800ce28      0x120 Src/vcaptor.o
                0x000000000800ce28                autoCalibrate
 .text.keepTSpeed
                0x000000000800cf48      0x10c Src/vcaptor.o
                0x000000000800cf48                keepTSpeed
 .text.Reset_Handler
                0x000000000800d054       0x50 Startup/startup_stm32g070rbtx.o
                0x000000000800d054                Reset_Handler
 .text.Default_Handler
                0x000000000800d0a4        0x2 Startup/startup_stm32g070rbtx.o
                0x000000000800d0a4                TIM1_CC_IRQHandler
                0x000000000800d0a4                TIM6_IRQHandler
                0x000000000800d0a4                I2C1_IRQHandler
                0x000000000800d0a4                RTC_TAMP_IRQHandler
                0x000000000800d0a4                SPI1_IRQHandler
                0x000000000800d0a4                EXTI2_3_IRQHandler
                0x000000000800d0a4                ADC1_IRQHandler
                0x000000000800d0a4                I2C2_IRQHandler
                0x000000000800d0a4                TIM17_IRQHandler
                0x000000000800d0a4                TIM16_IRQHandler
                0x000000000800d0a4                TIM3_IRQHandler
                0x000000000800d0a4                EXTI4_15_IRQHandler
                0x000000000800d0a4                RCC_IRQHandler
                0x000000000800d0a4                Default_Handler
                0x000000000800d0a4                TIM14_IRQHandler
                0x000000000800d0a4                TIM7_IRQHandler
                0x000000000800d0a4                TIM15_IRQHandler
                0x000000000800d0a4                EXTI0_1_IRQHandler
                0x000000000800d0a4                SPI2_IRQHandler
                0x000000000800d0a4                WWDG_IRQHandler
                0x000000000800d0a4                DMA1_Ch4_7_DMAMUX1_OVR_IRQHandler
                0x000000000800d0a4                DMA1_Channel2_3_IRQHandler
                0x000000000800d0a4                FLASH_IRQHandler
                0x000000000800d0a4                TIM1_BRK_UP_TRG_COM_IRQHandler
 *fill*         0x000000000800d0a6        0x2 
 .text.__libc_init_array
                0x000000000800d0a8       0x48 c:/st/stm32cubeide_1.3.0/stm32cubeide/plugins/com.st.stm32cube.ide.mcu.externaltools.gnu-tools-for-stm32.7-2018-q2-update.win32_1.0.0.201904181610/tools/bin/../lib/gcc/arm-none-eabi/7.3.1/../../../../arm-none-eabi/lib/thumb/v6-m\libc_nano.a(lib_a-init.o)
                0x000000000800d0a8                __libc_init_array
 .text.memcpy   0x000000000800d0f0       0x12 c:/st/stm32cubeide_1.3.0/stm32cubeide/plugins/com.st.stm32cube.ide.mcu.externaltools.gnu-tools-for-stm32.7-2018-q2-update.win32_1.0.0.201904181610/tools/bin/../lib/gcc/arm-none-eabi/7.3.1/../../../../arm-none-eabi/lib/thumb/v6-m\libc_nano.a(lib_a-memcpy-stub.o)
                0x000000000800d0f0                memcpy
 .text.memset   0x000000000800d102       0x10 c:/st/stm32cubeide_1.3.0/stm32cubeide/plugins/com.st.stm32cube.ide.mcu.externaltools.gnu-tools-for-stm32.7-2018-q2-update.win32_1.0.0.201904181610/tools/bin/../lib/gcc/arm-none-eabi/7.3.1/../../../../arm-none-eabi/lib/thumb/v6-m\libc_nano.a(lib_a-memset.o)
                0x000000000800d102                memset
 *(.glue_7)
 .glue_7        0x000000000800d112        0x0 linker stubs
 *(.glue_7t)
 .glue_7t       0x000000000800d112        0x0 linker stubs
 *(.eh_frame)
 *fill*         0x000000000800d112        0x2 
 .eh_frame      0x000000000800d114        0x0 c:/st/stm32cubeide_1.3.0/stm32cubeide/plugins/com.st.stm32cube.ide.mcu.externaltools.gnu-tools-for-stm32.7-2018-q2-update.win32_1.0.0.201904181610/tools/bin/../lib/gcc/arm-none-eabi/7.3.1/thumb/v6-m/crtbegin.o
 *(.init)
 .init          0x000000000800d114        0x4 c:/st/stm32cubeide_1.3.0/stm32cubeide/plugins/com.st.stm32cube.ide.mcu.externaltools.gnu-tools-for-stm32.7-2018-q2-update.win32_1.0.0.201904181610/tools/bin/../lib/gcc/arm-none-eabi/7.3.1/thumb/v6-m/crti.o
                0x000000000800d114                _init
 .init          0x000000000800d118        0x8 c:/st/stm32cubeide_1.3.0/stm32cubeide/plugins/com.st.stm32cube.ide.mcu.externaltools.gnu-tools-for-stm32.7-2018-q2-update.win32_1.0.0.201904181610/tools/bin/../lib/gcc/arm-none-eabi/7.3.1/thumb/v6-m/crtn.o
 *(.fini)
 .fini          0x000000000800d120        0x4 c:/st/stm32cubeide_1.3.0/stm32cubeide/plugins/com.st.stm32cube.ide.mcu.externaltools.gnu-tools-for-stm32.7-2018-q2-update.win32_1.0.0.201904181610/tools/bin/../lib/gcc/arm-none-eabi/7.3.1/thumb/v6-m/crti.o
                0x000000000800d120                _fini
 .fini          0x000000000800d124        0x8 c:/st/stm32cubeide_1.3.0/stm32cubeide/plugins/com.st.stm32cube.ide.mcu.externaltools.gnu-tools-for-stm32.7-2018-q2-update.win32_1.0.0.201904181610/tools/bin/../lib/gcc/arm-none-eabi/7.3.1/thumb/v6-m/crtn.o
                0x000000000800d12c                . = ALIGN (0x4)
                0x000000000800d12c                _etext = .

.vfp11_veneer   0x000000000800d12c        0x0
 .vfp11_veneer  0x000000000800d12c        0x0 linker stubs

.v4_bx          0x000000000800d12c        0x0
 .v4_bx         0x000000000800d12c        0x0 linker stubs

.iplt           0x000000000800d12c        0x0
 .iplt          0x000000000800d12c        0x0 c:/st/stm32cubeide_1.3.0/stm32cubeide/plugins/com.st.stm32cube.ide.mcu.externaltools.gnu-tools-for-stm32.7-2018-q2-update.win32_1.0.0.201904181610/tools/bin/../lib/gcc/arm-none-eabi/7.3.1/thumb/v6-m/crtbegin.o

.rodata         0x000000000800d12c      0x194
                0x000000000800d12c                . = ALIGN (0x4)
 *(.rodata)
 .rodata        0x000000000800d12c       0x10 Drivers/STM32G0xx_HAL_Driver/Src/stm32g0xx_hal_uart_ex.o
 .rodata        0x000000000800d13c        0xe Src/main.o
 *fill*         0x000000000800d14a        0x2 
 .rodata        0x000000000800d14c       0x80 c:/st/stm32cubeide_1.3.0/stm32cubeide/plugins/com.st.stm32cube.ide.mcu.externaltools.gnu-tools-for-stm32.7-2018-q2-update.win32_1.0.0.201904181610/tools/bin/../lib/gcc/arm-none-eabi/7.3.1/thumb/v6-m\libgcc.a(divsf3.o)
 .rodata        0x000000000800d1cc       0x40 c:/st/stm32cubeide_1.3.0/stm32cubeide/plugins/com.st.stm32cube.ide.mcu.externaltools.gnu-tools-for-stm32.7-2018-q2-update.win32_1.0.0.201904181610/tools/bin/../lib/gcc/arm-none-eabi/7.3.1/thumb/v6-m\libgcc.a(mulsf3.o)
 *(.rodata*)
 .rodata.HAL_TIM_PWM_ConfigChannel
                0x000000000800d20c       0x54 Drivers/STM32G0xx_HAL_Driver/Src/stm32g0xx_hal_tim.o
 .rodata.AHBPrescTable
                0x000000000800d260       0x40 Src/system_stm32g0xx.o
                0x000000000800d260                AHBPrescTable
 .rodata.APBPrescTable
                0x000000000800d2a0       0x20 Src/system_stm32g0xx.o
                0x000000000800d2a0                APBPrescTable
                0x000000000800d2c0                . = ALIGN (0x4)

.rel.dyn        0x000000000800d2c0        0x0
 .rel.iplt      0x000000000800d2c0        0x0 c:/st/stm32cubeide_1.3.0/stm32cubeide/plugins/com.st.stm32cube.ide.mcu.externaltools.gnu-tools-for-stm32.7-2018-q2-update.win32_1.0.0.201904181610/tools/bin/../lib/gcc/arm-none-eabi/7.3.1/thumb/v6-m/crtbegin.o

.ARM.extab      0x000000000800d2c0        0x0
                0x000000000800d2c0                . = ALIGN (0x4)
 *(.ARM.extab* .gnu.linkonce.armextab.*)
                0x000000000800d2c0                . = ALIGN (0x4)

.ARM            0x000000000800d2c0        0x0
                0x000000000800d2c0                . = ALIGN (0x4)
                0x000000000800d2c0                __exidx_start = .
 *(.ARM.exidx*)
                0x000000000800d2c0                __exidx_end = .
                0x000000000800d2c0                . = ALIGN (0x4)

.preinit_array  0x000000000800d2c0        0x0
                0x000000000800d2c0                . = ALIGN (0x4)
                0x000000000800d2c0                PROVIDE (__preinit_array_start = .)
 *(.preinit_array*)
                0x000000000800d2c0                PROVIDE (__preinit_array_end = .)
                0x000000000800d2c0                . = ALIGN (0x4)

.init_array     0x000000000800d2c0        0x4
                0x000000000800d2c0                . = ALIGN (0x4)
                0x000000000800d2c0                PROVIDE (__init_array_start = .)
 *(SORT_BY_NAME(.init_array.*))
 *(.init_array*)
 .init_array    0x000000000800d2c0        0x4 c:/st/stm32cubeide_1.3.0/stm32cubeide/plugins/com.st.stm32cube.ide.mcu.externaltools.gnu-tools-for-stm32.7-2018-q2-update.win32_1.0.0.201904181610/tools/bin/../lib/gcc/arm-none-eabi/7.3.1/thumb/v6-m/crtbegin.o
                0x000000000800d2c4                PROVIDE (__init_array_end = .)
                0x000000000800d2c4                . = ALIGN (0x4)

.fini_array     0x000000000800d2c4        0x4
                0x000000000800d2c4                . = ALIGN (0x4)
                [!provide]                        PROVIDE (__fini_array_start = .)
 *(SORT_BY_NAME(.fini_array.*))
 *(.fini_array*)
 .fini_array    0x000000000800d2c4        0x4 c:/st/stm32cubeide_1.3.0/stm32cubeide/plugins/com.st.stm32cube.ide.mcu.externaltools.gnu-tools-for-stm32.7-2018-q2-update.win32_1.0.0.201904181610/tools/bin/../lib/gcc/arm-none-eabi/7.3.1/thumb/v6-m/crtbegin.o
                [!provide]                        PROVIDE (__fini_array_end = .)
                0x000000000800d2c8                . = ALIGN (0x4)
                0x000000000800d2c8                _sidata = LOADADDR (.data)

.data           0x0000000020000000       0x10 load address 0x000000000800d2c8
                0x0000000020000000                . = ALIGN (0x4)
                0x0000000020000000                _sdata = .
 *(.data)
 *(.data*)
 .data.uwTickPrio
                0x0000000020000000        0x4 Drivers/STM32G0xx_HAL_Driver/Src/stm32g0xx_hal.o
                0x0000000020000000                uwTickPrio
 .data.uwTickFreq
                0x0000000020000004        0x4 Drivers/STM32G0xx_HAL_Driver/Src/stm32g0xx_hal.o
                0x0000000020000004                uwTickFreq
 .data.demoStep
                0x0000000020000008        0x1 Src/main.o
                0x0000000020000008                demoStep
 *fill*         0x0000000020000009        0x3 
 .data.SystemCoreClock
                0x000000002000000c        0x4 Src/system_stm32g0xx.o
                0x000000002000000c                SystemCoreClock
                0x0000000020000010                . = ALIGN (0x4)
                0x0000000020000010                _edata = .

.igot.plt       0x0000000020000010        0x0 load address 0x000000000800d2d8
 .igot.plt      0x0000000020000010        0x0 c:/st/stm32cubeide_1.3.0/stm32cubeide/plugins/com.st.stm32cube.ide.mcu.externaltools.gnu-tools-for-stm32.7-2018-q2-update.win32_1.0.0.201904181610/tools/bin/../lib/gcc/arm-none-eabi/7.3.1/thumb/v6-m/crtbegin.o
                0x0000000020000010                . = ALIGN (0x4)

.bss            0x0000000020000010      0xfc0 load address 0x000000000800d2d8
                0x0000000020000010                _sbss = .
                0x0000000020000010                __bss_start__ = _sbss
 *(.bss)
 .bss           0x0000000020000010       0x1c c:/st/stm32cubeide_1.3.0/stm32cubeide/plugins/com.st.stm32cube.ide.mcu.externaltools.gnu-tools-for-stm32.7-2018-q2-update.win32_1.0.0.201904181610/tools/bin/../lib/gcc/arm-none-eabi/7.3.1/thumb/v6-m/crtbegin.o
 *(.bss*)
 .bss.time_start
                0x000000002000002c        0x4 Src/main.o
                0x000000002000002c                time_start
 .bss.time_start_asserv
                0x0000000020000030        0x4 Src/main.o
                0x0000000020000030                time_start_asserv
 .bss.gAdcValue
                0x0000000020000034        0x4 Src/main.o
                0x0000000020000034                gAdcValue
 .bss.SumAdc    0x0000000020000038        0x4 Src/main.o
                0x0000000020000038                SumAdc
 .bss.MoyAdc    0x000000002000003c        0x4 Src/main.o
                0x000000002000003c                MoyAdc
 .bss.cpt       0x0000000020000040        0x1 Src/main.o
                0x0000000020000040                cpt
 .bss.channel   0x0000000020000041        0x1 Src/main.o
                0x0000000020000041                channel
 *(COMMON)
 *fill*         0x0000000020000042        0x2 
 COMMON         0x0000000020000044        0x4 Drivers/STM32G0xx_HAL_Driver/Src/stm32g0xx_hal.o
                0x0000000020000044                uwTick
 COMMON         0x0000000020000048      0xf85 Src/main.o
                0x0000000020000048                gps
                0x0000000020000c54                huart3
                0x0000000020000ce0                htim15
                0x0000000020000d20                rx1
                0x0000000020000d24                htim3
                0x0000000020000d64                hadc1
                0x0000000020000dc8                rx2
                0x0000000020000dcc                huart1
                0x0000000020000e58                tx1
                0x0000000020000e5c                buffer
                0x0000000020000e7c                adc
                0x0000000020000e9c                hdma_adc1
                0x0000000020000ef8                htim1
                0x0000000020000f38                huart2
                0x0000000020000fc4                tx2
                0x0000000020000fc8                rx3
                0x0000000020000fcc                tx3
                0x0000000020000fd0                . = ALIGN (0x4)
 *fill*         0x0000000020000fcd        0x3 
                0x0000000020000fd0                _ebss = .
                0x0000000020000fd0                __bss_end__ = _ebss

._user_heap_stack
                0x0000000020000fd0      0x600 load address 0x000000000800d2d8
                0x0000000020000fd0                . = ALIGN (0x8)
                0x0000000020000fd0                PROVIDE (end = .)
                [!provide]                        PROVIDE (_end = .)
                0x00000000200011d0                . = (. + _Min_Heap_Size)
 *fill*         0x0000000020000fd0      0x200 
                0x00000000200015d0                . = (. + _Min_Stack_Size)
 *fill*         0x00000000200011d0      0x400 
                0x00000000200015d0                . = ALIGN (0x8)

/DISCARD/
 libc.a(*)
 libm.a(*)
 libgcc.a(*)

.ARM.attributes
                0x0000000000000000       0x28
 *(.ARM.attributes)
 .ARM.attributes
                0x0000000000000000       0x1e c:/st/stm32cubeide_1.3.0/stm32cubeide/plugins/com.st.stm32cube.ide.mcu.externaltools.gnu-tools-for-stm32.7-2018-q2-update.win32_1.0.0.201904181610/tools/bin/../lib/gcc/arm-none-eabi/7.3.1/thumb/v6-m/crti.o
 .ARM.attributes
                0x000000000000001e       0x2c c:/st/stm32cubeide_1.3.0/stm32cubeide/plugins/com.st.stm32cube.ide.mcu.externaltools.gnu-tools-for-stm32.7-2018-q2-update.win32_1.0.0.201904181610/tools/bin/../lib/gcc/arm-none-eabi/7.3.1/thumb/v6-m/crtbegin.o
 .ARM.attributes
                0x000000000000004a       0x32 Drivers/STM32G0xx_HAL_Driver/Src/stm32g0xx_hal.o
 .ARM.attributes
                0x000000000000007c       0x32 Drivers/STM32G0xx_HAL_Driver/Src/stm32g0xx_hal_adc.o
 .ARM.attributes
                0x00000000000000ae       0x32 Drivers/STM32G0xx_HAL_Driver/Src/stm32g0xx_hal_cortex.o
 .ARM.attributes
                0x00000000000000e0       0x32 Drivers/STM32G0xx_HAL_Driver/Src/stm32g0xx_hal_dma.o
 .ARM.attributes
                0x0000000000000112       0x32 Drivers/STM32G0xx_HAL_Driver/Src/stm32g0xx_hal_gpio.o
 .ARM.attributes
                0x0000000000000144       0x32 Drivers/STM32G0xx_HAL_Driver/Src/stm32g0xx_hal_pwr_ex.o
 .ARM.attributes
                0x0000000000000176       0x32 Drivers/STM32G0xx_HAL_Driver/Src/stm32g0xx_hal_rcc.o
 .ARM.attributes
                0x00000000000001a8       0x32 Drivers/STM32G0xx_HAL_Driver/Src/stm32g0xx_hal_rcc_ex.o
 .ARM.attributes
                0x00000000000001da       0x32 Drivers/STM32G0xx_HAL_Driver/Src/stm32g0xx_hal_tim.o
 .ARM.attributes
                0x000000000000020c       0x32 Drivers/STM32G0xx_HAL_Driver/Src/stm32g0xx_hal_tim_ex.o
 .ARM.attributes
                0x000000000000023e       0x32 Drivers/STM32G0xx_HAL_Driver/Src/stm32g0xx_hal_uart.o
 .ARM.attributes
                0x0000000000000270       0x32 Drivers/STM32G0xx_HAL_Driver/Src/stm32g0xx_hal_uart_ex.o
 .ARM.attributes
                0x00000000000002a2       0x32 Src/ext_captor.o
 .ARM.attributes
                0x00000000000002d4       0x32 Src/group_manager.o
 .ARM.attributes
                0x0000000000000306       0x32 Src/group_synchro.o
 .ARM.attributes
                0x0000000000000338       0x32 Src/hl_manager.o
 .ARM.attributes
                0x000000000000036a       0x32 Src/main.o
 .ARM.attributes
                0x000000000000039c       0x32 Src/motor.o
 .ARM.attributes
                0x00000000000003ce       0x32 Src/mr_manager.o
 .ARM.attributes
                0x0000000000000400       0x32 Src/stm32g0xx_hal_msp.o
 .ARM.attributes
                0x0000000000000432       0x32 Src/stm32g0xx_it.o
 .ARM.attributes
                0x0000000000000464       0x32 Src/system_stm32g0xx.o
 .ARM.attributes
                0x0000000000000496       0x32 Src/vcaptor.o
 .ARM.attributes
                0x00000000000004c8       0x21 Startup/startup_stm32g070rbtx.o
 .ARM.attributes
                0x00000000000004e9       0x2c c:/st/stm32cubeide_1.3.0/stm32cubeide/plugins/com.st.stm32cube.ide.mcu.externaltools.gnu-tools-for-stm32.7-2018-q2-update.win32_1.0.0.201904181610/tools/bin/../lib/gcc/arm-none-eabi/7.3.1/../../../../arm-none-eabi/lib/thumb/v6-m\libc_nano.a(lib_a-init.o)
 .ARM.attributes
                0x0000000000000515       0x2c c:/st/stm32cubeide_1.3.0/stm32cubeide/plugins/com.st.stm32cube.ide.mcu.externaltools.gnu-tools-for-stm32.7-2018-q2-update.win32_1.0.0.201904181610/tools/bin/../lib/gcc/arm-none-eabi/7.3.1/../../../../arm-none-eabi/lib/thumb/v6-m\libc_nano.a(lib_a-memcpy-stub.o)
 .ARM.attributes
                0x0000000000000541       0x2c c:/st/stm32cubeide_1.3.0/stm32cubeide/plugins/com.st.stm32cube.ide.mcu.externaltools.gnu-tools-for-stm32.7-2018-q2-update.win32_1.0.0.201904181610/tools/bin/../lib/gcc/arm-none-eabi/7.3.1/../../../../arm-none-eabi/lib/thumb/v6-m\libc_nano.a(lib_a-memset.o)
 .ARM.attributes
                0x000000000000056d       0x1e c:/st/stm32cubeide_1.3.0/stm32cubeide/plugins/com.st.stm32cube.ide.mcu.externaltools.gnu-tools-for-stm32.7-2018-q2-update.win32_1.0.0.201904181610/tools/bin/../lib/gcc/arm-none-eabi/7.3.1/thumb/v6-m\libgcc.a(_udivsi3.o)
 .ARM.attributes
                0x000000000000058b       0x1e c:/st/stm32cubeide_1.3.0/stm32cubeide/plugins/com.st.stm32cube.ide.mcu.externaltools.gnu-tools-for-stm32.7-2018-q2-update.win32_1.0.0.201904181610/tools/bin/../lib/gcc/arm-none-eabi/7.3.1/thumb/v6-m\libgcc.a(_divsi3.o)
 .ARM.attributes
                0x00000000000005a9       0x1e c:/st/stm32cubeide_1.3.0/stm32cubeide/plugins/com.st.stm32cube.ide.mcu.externaltools.gnu-tools-for-stm32.7-2018-q2-update.win32_1.0.0.201904181610/tools/bin/../lib/gcc/arm-none-eabi/7.3.1/thumb/v6-m\libgcc.a(_dvmd_tls.o)
 .ARM.attributes
                0x00000000000005c7       0x1e c:/st/stm32cubeide_1.3.0/stm32cubeide/plugins/com.st.stm32cube.ide.mcu.externaltools.gnu-tools-for-stm32.7-2018-q2-update.win32_1.0.0.201904181610/tools/bin/../lib/gcc/arm-none-eabi/7.3.1/thumb/v6-m\libgcc.a(_arm_cmpsf2.o)
 .ARM.attributes
                0x00000000000005e5       0x2c c:/st/stm32cubeide_1.3.0/stm32cubeide/plugins/com.st.stm32cube.ide.mcu.externaltools.gnu-tools-for-stm32.7-2018-q2-update.win32_1.0.0.201904181610/tools/bin/../lib/gcc/arm-none-eabi/7.3.1/thumb/v6-m\libgcc.a(_fixunssfsi.o)
 .ARM.attributes
                0x0000000000000611       0x2c c:/st/stm32cubeide_1.3.0/stm32cubeide/plugins/com.st.stm32cube.ide.mcu.externaltools.gnu-tools-for-stm32.7-2018-q2-update.win32_1.0.0.201904181610/tools/bin/../lib/gcc/arm-none-eabi/7.3.1/thumb/v6-m\libgcc.a(addsf3.o)
 .ARM.attributes
                0x000000000000063d       0x2c c:/st/stm32cubeide_1.3.0/stm32cubeide/plugins/com.st.stm32cube.ide.mcu.externaltools.gnu-tools-for-stm32.7-2018-q2-update.win32_1.0.0.201904181610/tools/bin/../lib/gcc/arm-none-eabi/7.3.1/thumb/v6-m\libgcc.a(divsf3.o)
 .ARM.attributes
                0x0000000000000669       0x2c c:/st/stm32cubeide_1.3.0/stm32cubeide/plugins/com.st.stm32cube.ide.mcu.externaltools.gnu-tools-for-stm32.7-2018-q2-update.win32_1.0.0.201904181610/tools/bin/../lib/gcc/arm-none-eabi/7.3.1/thumb/v6-m\libgcc.a(eqsf2.o)
 .ARM.attributes
                0x0000000000000695       0x2c c:/st/stm32cubeide_1.3.0/stm32cubeide/plugins/com.st.stm32cube.ide.mcu.externaltools.gnu-tools-for-stm32.7-2018-q2-update.win32_1.0.0.201904181610/tools/bin/../lib/gcc/arm-none-eabi/7.3.1/thumb/v6-m\libgcc.a(gesf2.o)
 .ARM.attributes
                0x00000000000006c1       0x2c c:/st/stm32cubeide_1.3.0/stm32cubeide/plugins/com.st.stm32cube.ide.mcu.externaltools.gnu-tools-for-stm32.7-2018-q2-update.win32_1.0.0.201904181610/tools/bin/../lib/gcc/arm-none-eabi/7.3.1/thumb/v6-m\libgcc.a(lesf2.o)
 .ARM.attributes
                0x00000000000006ed       0x2c c:/st/stm32cubeide_1.3.0/stm32cubeide/plugins/com.st.stm32cube.ide.mcu.externaltools.gnu-tools-for-stm32.7-2018-q2-update.win32_1.0.0.201904181610/tools/bin/../lib/gcc/arm-none-eabi/7.3.1/thumb/v6-m\libgcc.a(mulsf3.o)
 .ARM.attributes
                0x0000000000000719       0x2c c:/st/stm32cubeide_1.3.0/stm32cubeide/plugins/com.st.stm32cube.ide.mcu.externaltools.gnu-tools-for-stm32.7-2018-q2-update.win32_1.0.0.201904181610/tools/bin/../lib/gcc/arm-none-eabi/7.3.1/thumb/v6-m\libgcc.a(subsf3.o)
 .ARM.attributes
                0x0000000000000745       0x2c c:/st/stm32cubeide_1.3.0/stm32cubeide/plugins/com.st.stm32cube.ide.mcu.externaltools.gnu-tools-for-stm32.7-2018-q2-update.win32_1.0.0.201904181610/tools/bin/../lib/gcc/arm-none-eabi/7.3.1/thumb/v6-m\libgcc.a(fixsfsi.o)
 .ARM.attributes
                0x0000000000000771       0x2c c:/st/stm32cubeide_1.3.0/stm32cubeide/plugins/com.st.stm32cube.ide.mcu.externaltools.gnu-tools-for-stm32.7-2018-q2-update.win32_1.0.0.201904181610/tools/bin/../lib/gcc/arm-none-eabi/7.3.1/thumb/v6-m\libgcc.a(floatsisf.o)
 .ARM.attributes
                0x000000000000079d       0x2c c:/st/stm32cubeide_1.3.0/stm32cubeide/plugins/com.st.stm32cube.ide.mcu.externaltools.gnu-tools-for-stm32.7-2018-q2-update.win32_1.0.0.201904181610/tools/bin/../lib/gcc/arm-none-eabi/7.3.1/thumb/v6-m\libgcc.a(floatunsisf.o)
 .ARM.attributes
                0x00000000000007c9       0x1e c:/st/stm32cubeide_1.3.0/stm32cubeide/plugins/com.st.stm32cube.ide.mcu.externaltools.gnu-tools-for-stm32.7-2018-q2-update.win32_1.0.0.201904181610/tools/bin/../lib/gcc/arm-none-eabi/7.3.1/thumb/v6-m\libgcc.a(_clzsi2.o)
 .ARM.attributes
                0x00000000000007e7       0x1e c:/st/stm32cubeide_1.3.0/stm32cubeide/plugins/com.st.stm32cube.ide.mcu.externaltools.gnu-tools-for-stm32.7-2018-q2-update.win32_1.0.0.201904181610/tools/bin/../lib/gcc/arm-none-eabi/7.3.1/thumb/v6-m/crtn.o
OUTPUT(galam card v1.04.elf elf32-littlearm)

.debug_info     0x0000000000000000    0x1617a
 .debug_info    0x0000000000000000      0x8db Drivers/STM32G0xx_HAL_Driver/Src/stm32g0xx_hal.o
 .debug_info    0x00000000000008db     0x1455 Drivers/STM32G0xx_HAL_Driver/Src/stm32g0xx_hal_adc.o
 .debug_info    0x0000000000001d30      0x959 Drivers/STM32G0xx_HAL_Driver/Src/stm32g0xx_hal_cortex.o
 .debug_info    0x0000000000002689      0x8d9 Drivers/STM32G0xx_HAL_Driver/Src/stm32g0xx_hal_dma.o
 .debug_info    0x0000000000002f62      0x63a Drivers/STM32G0xx_HAL_Driver/Src/stm32g0xx_hal_gpio.o
 .debug_info    0x000000000000359c      0x552 Drivers/STM32G0xx_HAL_Driver/Src/stm32g0xx_hal_pwr_ex.o
 .debug_info    0x0000000000003aee      0xa64 Drivers/STM32G0xx_HAL_Driver/Src/stm32g0xx_hal_rcc.o
 .debug_info    0x0000000000004552      0x7cd Drivers/STM32G0xx_HAL_Driver/Src/stm32g0xx_hal_rcc_ex.o
 .debug_info    0x0000000000004d1f     0x2640 Drivers/STM32G0xx_HAL_Driver/Src/stm32g0xx_hal_tim.o
 .debug_info    0x000000000000735f     0x148c Drivers/STM32G0xx_HAL_Driver/Src/stm32g0xx_hal_tim_ex.o
 .debug_info    0x00000000000087eb     0x1805 Drivers/STM32G0xx_HAL_Driver/Src/stm32g0xx_hal_uart.o
 .debug_info    0x0000000000009ff0      0xb73 Drivers/STM32G0xx_HAL_Driver/Src/stm32g0xx_hal_uart_ex.o
 .debug_info    0x000000000000ab63      0x3a0 Src/ext_captor.o
 .debug_info    0x000000000000af03     0x127c Src/group_manager.o
 .debug_info    0x000000000000c17f     0x10ae Src/group_synchro.o
 .debug_info    0x000000000000d22d     0x1a99 Src/hl_manager.o
 .debug_info    0x000000000000ecc6     0x25a7 Src/main.o
 .debug_info    0x000000000001126d      0xa6f Src/motor.o
 .debug_info    0x0000000000011cdc     0x165b Src/mr_manager.o
 .debug_info    0x0000000000013337     0x13ac Src/stm32g0xx_hal_msp.o
 .debug_info    0x00000000000146e3      0x83d Src/stm32g0xx_it.o
 .debug_info    0x0000000000014f20      0x434 Src/system_stm32g0xx.o
 .debug_info    0x0000000000015354      0xe04 Src/vcaptor.o
 .debug_info    0x0000000000016158       0x22 Startup/startup_stm32g070rbtx.o

.debug_abbrev   0x0000000000000000     0x2e50
 .debug_abbrev  0x0000000000000000      0x242 Drivers/STM32G0xx_HAL_Driver/Src/stm32g0xx_hal.o
 .debug_abbrev  0x0000000000000242      0x20c Drivers/STM32G0xx_HAL_Driver/Src/stm32g0xx_hal_adc.o
 .debug_abbrev  0x000000000000044e      0x27c Drivers/STM32G0xx_HAL_Driver/Src/stm32g0xx_hal_cortex.o
 .debug_abbrev  0x00000000000006ca      0x1d5 Drivers/STM32G0xx_HAL_Driver/Src/stm32g0xx_hal_dma.o
 .debug_abbrev  0x000000000000089f      0x1b7 Drivers/STM32G0xx_HAL_Driver/Src/stm32g0xx_hal_gpio.o
 .debug_abbrev  0x0000000000000a56      0x1f6 Drivers/STM32G0xx_HAL_Driver/Src/stm32g0xx_hal_pwr_ex.o
 .debug_abbrev  0x0000000000000c4c      0x211 Drivers/STM32G0xx_HAL_Driver/Src/stm32g0xx_hal_rcc.o
 .debug_abbrev  0x0000000000000e5d      0x1d4 Drivers/STM32G0xx_HAL_Driver/Src/stm32g0xx_hal_rcc_ex.o
 .debug_abbrev  0x0000000000001031      0x23f Drivers/STM32G0xx_HAL_Driver/Src/stm32g0xx_hal_tim.o
 .debug_abbrev  0x0000000000001270      0x22d Drivers/STM32G0xx_HAL_Driver/Src/stm32g0xx_hal_tim_ex.o
 .debug_abbrev  0x000000000000149d      0x214 Drivers/STM32G0xx_HAL_Driver/Src/stm32g0xx_hal_uart.o
 .debug_abbrev  0x00000000000016b1      0x209 Drivers/STM32G0xx_HAL_Driver/Src/stm32g0xx_hal_uart_ex.o
 .debug_abbrev  0x00000000000018ba      0x193 Src/ext_captor.o
 .debug_abbrev  0x0000000000001a4d      0x20f Src/group_manager.o
 .debug_abbrev  0x0000000000001c5c      0x1d7 Src/group_synchro.o
 .debug_abbrev  0x0000000000001e33      0x27b Src/hl_manager.o
 .debug_abbrev  0x00000000000020ae      0x2af Src/main.o
 .debug_abbrev  0x000000000000235d      0x1ca Src/motor.o
 .debug_abbrev  0x0000000000002527      0x26c Src/mr_manager.o
 .debug_abbrev  0x0000000000002793      0x21b Src/stm32g0xx_hal_msp.o
 .debug_abbrev  0x00000000000029ae      0x158 Src/stm32g0xx_it.o
 .debug_abbrev  0x0000000000002b06      0x147 Src/system_stm32g0xx.o
 .debug_abbrev  0x0000000000002c4d      0x1f1 Src/vcaptor.o
 .debug_abbrev  0x0000000000002e3e       0x12 Startup/startup_stm32g070rbtx.o

.debug_aranges  0x0000000000000000     0x1320
 .debug_aranges
                0x0000000000000000       0xf8 Drivers/STM32G0xx_HAL_Driver/Src/stm32g0xx_hal.o
 .debug_aranges
                0x00000000000000f8      0x1e0 Drivers/STM32G0xx_HAL_Driver/Src/stm32g0xx_hal_adc.o
 .debug_aranges
                0x00000000000002d8       0xd8 Drivers/STM32G0xx_HAL_Driver/Src/stm32g0xx_hal_cortex.o
 .debug_aranges
                0x00000000000003b0       0x90 Drivers/STM32G0xx_HAL_Driver/Src/stm32g0xx_hal_dma.o
 .debug_aranges
                0x0000000000000440       0x60 Drivers/STM32G0xx_HAL_Driver/Src/stm32g0xx_hal_gpio.o
 .debug_aranges
                0x00000000000004a0       0x98 Drivers/STM32G0xx_HAL_Driver/Src/stm32g0xx_hal_pwr_ex.o
 .debug_aranges
                0x0000000000000538       0x98 Drivers/STM32G0xx_HAL_Driver/Src/stm32g0xx_hal_rcc.o
 .debug_aranges
                0x00000000000005d0       0x40 Drivers/STM32G0xx_HAL_Driver/Src/stm32g0xx_hal_rcc_ex.o
 .debug_aranges
                0x0000000000000610      0x3b8 Drivers/STM32G0xx_HAL_Driver/Src/stm32g0xx_hal_tim.o
 .debug_aranges
                0x00000000000009c8      0x180 Drivers/STM32G0xx_HAL_Driver/Src/stm32g0xx_hal_tim_ex.o
 .debug_aranges
                0x0000000000000b48      0x218 Drivers/STM32G0xx_HAL_Driver/Src/stm32g0xx_hal_uart.o
 .debug_aranges
                0x0000000000000d60       0x88 Drivers/STM32G0xx_HAL_Driver/Src/stm32g0xx_hal_uart_ex.o
 .debug_aranges
                0x0000000000000de8       0x30 Src/ext_captor.o
 .debug_aranges
                0x0000000000000e18       0x58 Src/group_manager.o
 .debug_aranges
                0x0000000000000e70       0x78 Src/group_synchro.o
 .debug_aranges
                0x0000000000000ee8      0x108 Src/hl_manager.o
 .debug_aranges
                0x0000000000000ff0       0xc8 Src/main.o
 .debug_aranges
                0x00000000000010b8       0x40 Src/motor.o
 .debug_aranges
                0x00000000000010f8       0xa0 Src/mr_manager.o
 .debug_aranges
                0x0000000000001198       0x58 Src/stm32g0xx_hal_msp.o
 .debug_aranges
                0x00000000000011f0       0x60 Src/stm32g0xx_it.o
 .debug_aranges
                0x0000000000001250       0x28 Src/system_stm32g0xx.o
 .debug_aranges
                0x0000000000001278       0x80 Src/vcaptor.o
 .debug_aranges
                0x00000000000012f8       0x28 Startup/startup_stm32g070rbtx.o

.debug_ranges   0x0000000000000000     0x11a8
 .debug_ranges  0x0000000000000000       0xe8 Drivers/STM32G0xx_HAL_Driver/Src/stm32g0xx_hal.o
 .debug_ranges  0x00000000000000e8      0x1d0 Drivers/STM32G0xx_HAL_Driver/Src/stm32g0xx_hal_adc.o
 .debug_ranges  0x00000000000002b8       0xc8 Drivers/STM32G0xx_HAL_Driver/Src/stm32g0xx_hal_cortex.o
 .debug_ranges  0x0000000000000380       0x80 Drivers/STM32G0xx_HAL_Driver/Src/stm32g0xx_hal_dma.o
 .debug_ranges  0x0000000000000400       0x50 Drivers/STM32G0xx_HAL_Driver/Src/stm32g0xx_hal_gpio.o
 .debug_ranges  0x0000000000000450       0x88 Drivers/STM32G0xx_HAL_Driver/Src/stm32g0xx_hal_pwr_ex.o
 .debug_ranges  0x00000000000004d8       0x88 Drivers/STM32G0xx_HAL_Driver/Src/stm32g0xx_hal_rcc.o
 .debug_ranges  0x0000000000000560       0x30 Drivers/STM32G0xx_HAL_Driver/Src/stm32g0xx_hal_rcc_ex.o
 .debug_ranges  0x0000000000000590      0x3a8 Drivers/STM32G0xx_HAL_Driver/Src/stm32g0xx_hal_tim.o
 .debug_ranges  0x0000000000000938      0x170 Drivers/STM32G0xx_HAL_Driver/Src/stm32g0xx_hal_tim_ex.o
 .debug_ranges  0x0000000000000aa8      0x208 Drivers/STM32G0xx_HAL_Driver/Src/stm32g0xx_hal_uart.o
 .debug_ranges  0x0000000000000cb0       0x78 Drivers/STM32G0xx_HAL_Driver/Src/stm32g0xx_hal_uart_ex.o
 .debug_ranges  0x0000000000000d28       0x20 Src/ext_captor.o
 .debug_ranges  0x0000000000000d48       0x48 Src/group_manager.o
 .debug_ranges  0x0000000000000d90       0x68 Src/group_synchro.o
 .debug_ranges  0x0000000000000df8       0xf8 Src/hl_manager.o
 .debug_ranges  0x0000000000000ef0       0xb8 Src/main.o
 .debug_ranges  0x0000000000000fa8       0x30 Src/motor.o
 .debug_ranges  0x0000000000000fd8       0x90 Src/mr_manager.o
 .debug_ranges  0x0000000000001068       0x48 Src/stm32g0xx_hal_msp.o
 .debug_ranges  0x00000000000010b0       0x50 Src/stm32g0xx_it.o
 .debug_ranges  0x0000000000001100       0x18 Src/system_stm32g0xx.o
 .debug_ranges  0x0000000000001118       0x70 Src/vcaptor.o
 .debug_ranges  0x0000000000001188       0x20 Startup/startup_stm32g070rbtx.o

.debug_macro    0x0000000000000000    0x16f21
 .debug_macro   0x0000000000000000      0x207 Drivers/STM32G0xx_HAL_Driver/Src/stm32g0xx_hal.o
 .debug_macro   0x0000000000000207      0xa48 Drivers/STM32G0xx_HAL_Driver/Src/stm32g0xx_hal.o
 .debug_macro   0x0000000000000c4f      0x10f Drivers/STM32G0xx_HAL_Driver/Src/stm32g0xx_hal.o
 .debug_macro   0x0000000000000d5e       0x2e Drivers/STM32G0xx_HAL_Driver/Src/stm32g0xx_hal.o
 .debug_macro   0x0000000000000d8c       0x28 Drivers/STM32G0xx_HAL_Driver/Src/stm32g0xx_hal.o
 .debug_macro   0x0000000000000db4       0x22 Drivers/STM32G0xx_HAL_Driver/Src/stm32g0xx_hal.o
 .debug_macro   0x0000000000000dd6       0x8e Drivers/STM32G0xx_HAL_Driver/Src/stm32g0xx_hal.o
 .debug_macro   0x0000000000000e64       0x51 Drivers/STM32G0xx_HAL_Driver/Src/stm32g0xx_hal.o
 .debug_macro   0x0000000000000eb5       0xef Drivers/STM32G0xx_HAL_Driver/Src/stm32g0xx_hal.o
 .debug_macro   0x0000000000000fa4       0x6a Drivers/STM32G0xx_HAL_Driver/Src/stm32g0xx_hal.o
 .debug_macro   0x000000000000100e      0x1df Drivers/STM32G0xx_HAL_Driver/Src/stm32g0xx_hal.o
 .debug_macro   0x00000000000011ed       0x1c Drivers/STM32G0xx_HAL_Driver/Src/stm32g0xx_hal.o
 .debug_macro   0x0000000000001209       0x22 Drivers/STM32G0xx_HAL_Driver/Src/stm32g0xx_hal.o
 .debug_macro   0x000000000000122b       0xb5 Drivers/STM32G0xx_HAL_Driver/Src/stm32g0xx_hal.o
 .debug_macro   0x00000000000012e0      0x4da Drivers/STM32G0xx_HAL_Driver/Src/stm32g0xx_hal.o
 .debug_macro   0x00000000000017ba      0x11f Drivers/STM32G0xx_HAL_Driver/Src/stm32g0xx_hal.o
 .debug_macro   0x00000000000018d9     0xa525 Drivers/STM32G0xx_HAL_Driver/Src/stm32g0xx_hal.o
 .debug_macro   0x000000000000bdfe       0x3c Drivers/STM32G0xx_HAL_Driver/Src/stm32g0xx_hal.o
 .debug_macro   0x000000000000be3a     0x3468 Drivers/STM32G0xx_HAL_Driver/Src/stm32g0xx_hal.o
 .debug_macro   0x000000000000f2a2      0x174 Drivers/STM32G0xx_HAL_Driver/Src/stm32g0xx_hal.o
 .debug_macro   0x000000000000f416       0x5a Drivers/STM32G0xx_HAL_Driver/Src/stm32g0xx_hal.o
 .debug_macro   0x000000000000f470      0x485 Drivers/STM32G0xx_HAL_Driver/Src/stm32g0xx_hal.o
 .debug_macro   0x000000000000f8f5      0xe2b Drivers/STM32G0xx_HAL_Driver/Src/stm32g0xx_hal.o
 .debug_macro   0x0000000000010720      0x132 Drivers/STM32G0xx_HAL_Driver/Src/stm32g0xx_hal.o
 .debug_macro   0x0000000000010852      0x153 Drivers/STM32G0xx_HAL_Driver/Src/stm32g0xx_hal.o
 .debug_macro   0x00000000000109a5      0x13e Drivers/STM32G0xx_HAL_Driver/Src/stm32g0xx_hal.o
 .debug_macro   0x0000000000010ae3      0x336 Drivers/STM32G0xx_HAL_Driver/Src/stm32g0xx_hal.o
 .debug_macro   0x0000000000010e19      0x1a5 Drivers/STM32G0xx_HAL_Driver/Src/stm32g0xx_hal.o
 .debug_macro   0x0000000000010fbe       0x43 Drivers/STM32G0xx_HAL_Driver/Src/stm32g0xx_hal.o
 .debug_macro   0x0000000000011001      0x1f1 Drivers/STM32G0xx_HAL_Driver/Src/stm32g0xx_hal.o
 .debug_macro   0x00000000000111f2      0x89a Drivers/STM32G0xx_HAL_Driver/Src/stm32g0xx_hal.o
 .debug_macro   0x0000000000011a8c      0x5bb Drivers/STM32G0xx_HAL_Driver/Src/stm32g0xx_hal.o
 .debug_macro   0x0000000000012047       0x2e Drivers/STM32G0xx_HAL_Driver/Src/stm32g0xx_hal.o
 .debug_macro   0x0000000000012075      0x1b6 Drivers/STM32G0xx_HAL_Driver/Src/stm32g0xx_hal.o
 .debug_macro   0x000000000001222b      0x287 Drivers/STM32G0xx_HAL_Driver/Src/stm32g0xx_hal.o
 .debug_macro   0x00000000000124b2       0x28 Drivers/STM32G0xx_HAL_Driver/Src/stm32g0xx_hal.o
 .debug_macro   0x00000000000124da       0xac Drivers/STM32G0xx_HAL_Driver/Src/stm32g0xx_hal.o
 .debug_macro   0x0000000000012586      0x130 Drivers/STM32G0xx_HAL_Driver/Src/stm32g0xx_hal.o
 .debug_macro   0x00000000000126b6       0xd2 Drivers/STM32G0xx_HAL_Driver/Src/stm32g0xx_hal.o
 .debug_macro   0x0000000000012788      0xa2f Drivers/STM32G0xx_HAL_Driver/Src/stm32g0xx_hal.o
 .debug_macro   0x00000000000131b7      0x113 Drivers/STM32G0xx_HAL_Driver/Src/stm32g0xx_hal.o
 .debug_macro   0x00000000000132ca      0x63f Drivers/STM32G0xx_HAL_Driver/Src/stm32g0xx_hal.o
 .debug_macro   0x0000000000013909       0xa6 Drivers/STM32G0xx_HAL_Driver/Src/stm32g0xx_hal.o
 .debug_macro   0x00000000000139af      0x44e Drivers/STM32G0xx_HAL_Driver/Src/stm32g0xx_hal.o
 .debug_macro   0x0000000000013dfd      0x20d Drivers/STM32G0xx_HAL_Driver/Src/stm32g0xx_hal_adc.o
 .debug_macro   0x000000000001400a      0x1e9 Drivers/STM32G0xx_HAL_Driver/Src/stm32g0xx_hal_cortex.o
 .debug_macro   0x00000000000141f3      0x1e9 Drivers/STM32G0xx_HAL_Driver/Src/stm32g0xx_hal_dma.o
 .debug_macro   0x00000000000143dc      0x221 Drivers/STM32G0xx_HAL_Driver/Src/stm32g0xx_hal_gpio.o
 .debug_macro   0x00000000000145fd      0x1fb Drivers/STM32G0xx_HAL_Driver/Src/stm32g0xx_hal_pwr_ex.o
 .debug_macro   0x00000000000147f8      0x225 Drivers/STM32G0xx_HAL_Driver/Src/stm32g0xx_hal_rcc.o
 .debug_macro   0x0000000000014a1d      0x201 Drivers/STM32G0xx_HAL_Driver/Src/stm32g0xx_hal_rcc_ex.o
 .debug_macro   0x0000000000014c1e      0x1f1 Drivers/STM32G0xx_HAL_Driver/Src/stm32g0xx_hal_tim.o
 .debug_macro   0x0000000000014e0f      0x1ef Drivers/STM32G0xx_HAL_Driver/Src/stm32g0xx_hal_tim_ex.o
 .debug_macro   0x0000000000014ffe      0x214 Drivers/STM32G0xx_HAL_Driver/Src/stm32g0xx_hal_uart.o
 .debug_macro   0x0000000000015212      0x1f5 Drivers/STM32G0xx_HAL_Driver/Src/stm32g0xx_hal_uart_ex.o
 .debug_macro   0x0000000000015407      0x1f9 Src/ext_captor.o
 .debug_macro   0x0000000000015600      0x225 Src/group_manager.o
 .debug_macro   0x0000000000015825       0x52 Src/group_manager.o
 .debug_macro   0x0000000000015877       0x1c Src/group_manager.o
 .debug_macro   0x0000000000015893       0x16 Src/group_manager.o
 .debug_macro   0x00000000000158a9       0x64 Src/group_manager.o
 .debug_macro   0x000000000001590d       0x10 Src/group_manager.o
 .debug_macro   0x000000000001591d       0x22 Src/group_manager.o
 .debug_macro   0x000000000001593f      0x216 Src/group_synchro.o
 .debug_macro   0x0000000000015b55      0x23d Src/hl_manager.o
 .debug_macro   0x0000000000015d92       0xc4 Src/hl_manager.o
 .debug_macro   0x0000000000015e56       0x76 Src/hl_manager.o
 .debug_macro   0x0000000000015ecc      0x25a Src/main.o
 .debug_macro   0x0000000000016126      0x117 Src/main.o
 .debug_macro   0x000000000001623d      0x1fb Src/motor.o
 .debug_macro   0x0000000000016438      0x234 Src/mr_manager.o
 .debug_macro   0x000000000001666c      0x250 Src/stm32g0xx_hal_msp.o
 .debug_macro   0x00000000000168bc      0x25a Src/stm32g0xx_it.o
 .debug_macro   0x0000000000016b16      0x1ef Src/system_stm32g0xx.o
 .debug_macro   0x0000000000016d05      0x21c Src/vcaptor.o

.debug_line     0x0000000000000000    0x104d3
 .debug_line    0x0000000000000000      0x92e Drivers/STM32G0xx_HAL_Driver/Src/stm32g0xx_hal.o
 .debug_line    0x000000000000092e     0x1162 Drivers/STM32G0xx_HAL_Driver/Src/stm32g0xx_hal_adc.o
 .debug_line    0x0000000000001a90      0x95e Drivers/STM32G0xx_HAL_Driver/Src/stm32g0xx_hal_cortex.o
 .debug_line    0x00000000000023ee      0x98c Drivers/STM32G0xx_HAL_Driver/Src/stm32g0xx_hal_dma.o
 .debug_line    0x0000000000002d7a      0x8a6 Drivers/STM32G0xx_HAL_Driver/Src/stm32g0xx_hal_gpio.o
 .debug_line    0x0000000000003620      0x88f Drivers/STM32G0xx_HAL_Driver/Src/stm32g0xx_hal_pwr_ex.o
 .debug_line    0x0000000000003eaf      0xa04 Drivers/STM32G0xx_HAL_Driver/Src/stm32g0xx_hal_rcc.o
 .debug_line    0x00000000000048b3      0x8c4 Drivers/STM32G0xx_HAL_Driver/Src/stm32g0xx_hal_rcc_ex.o
 .debug_line    0x0000000000005177     0x1b76 Drivers/STM32G0xx_HAL_Driver/Src/stm32g0xx_hal_tim.o
 .debug_line    0x0000000000006ced      0xe6a Drivers/STM32G0xx_HAL_Driver/Src/stm32g0xx_hal_tim_ex.o
 .debug_line    0x0000000000007b57     0x16d3 Drivers/STM32G0xx_HAL_Driver/Src/stm32g0xx_hal_uart.o
 .debug_line    0x000000000000922a      0x986 Drivers/STM32G0xx_HAL_Driver/Src/stm32g0xx_hal_uart_ex.o
 .debug_line    0x0000000000009bb0      0x754 Src/ext_captor.o
 .debug_line    0x000000000000a304      0x869 Src/group_manager.o
 .debug_line    0x000000000000ab6d      0x96e Src/group_synchro.o
 .debug_line    0x000000000000b4db      0xe5a Src/hl_manager.o
 .debug_line    0x000000000000c335      0xd9f Src/main.o
 .debug_line    0x000000000000d0d4      0x7da Src/motor.o
 .debug_line    0x000000000000d8ae      0xa83 Src/mr_manager.o
 .debug_line    0x000000000000e331      0x8c1 Src/stm32g0xx_hal_msp.o
 .debug_line    0x000000000000ebf2      0x846 Src/stm32g0xx_it.o
 .debug_line    0x000000000000f438      0x72e Src/system_stm32g0xx.o
 .debug_line    0x000000000000fb66      0x8e9 Src/vcaptor.o
 .debug_line    0x000000000001044f       0x84 Startup/startup_stm32g070rbtx.o

.debug_str      0x0000000000000000    0x8ef19
 .debug_str     0x0000000000000000    0x894d2 Drivers/STM32G0xx_HAL_Driver/Src/stm32g0xx_hal.o
                                      0x89ca5 (size before relaxing)
 .debug_str     0x00000000000894d2      0xc90 Drivers/STM32G0xx_HAL_Driver/Src/stm32g0xx_hal_adc.o
                                      0x8a330 (size before relaxing)
 .debug_str     0x000000000008a162      0x2bf Drivers/STM32G0xx_HAL_Driver/Src/stm32g0xx_hal_cortex.o
                                      0x89b35 (size before relaxing)
 .debug_str     0x000000000008a421      0x2ba Drivers/STM32G0xx_HAL_Driver/Src/stm32g0xx_hal_dma.o
                                      0x89b2d (size before relaxing)
 .debug_str     0x000000000008a6db      0x2af Drivers/STM32G0xx_HAL_Driver/Src/stm32g0xx_hal_gpio.o
                                      0x898c6 (size before relaxing)
 .debug_str     0x000000000008a98a      0x238 Drivers/STM32G0xx_HAL_Driver/Src/stm32g0xx_hal_pwr_ex.o
                                      0x8991a (size before relaxing)
 .debug_str     0x000000000008abc2      0x498 Drivers/STM32G0xx_HAL_Driver/Src/stm32g0xx_hal_rcc.o
                                      0x89c68 (size before relaxing)
 .debug_str     0x000000000008b05a      0x21c Drivers/STM32G0xx_HAL_Driver/Src/stm32g0xx_hal_rcc_ex.o
                                      0x899ad (size before relaxing)
 .debug_str     0x000000000008b276      0xf7b Drivers/STM32G0xx_HAL_Driver/Src/stm32g0xx_hal_tim.o
                                      0x8a921 (size before relaxing)
 .debug_str     0x000000000008c1f1      0x677 Drivers/STM32G0xx_HAL_Driver/Src/stm32g0xx_hal_tim_ex.o
                                      0x8a2b7 (size before relaxing)
 .debug_str     0x000000000008c868      0xaa2 Drivers/STM32G0xx_HAL_Driver/Src/stm32g0xx_hal_uart.o
                                      0x8a44b (size before relaxing)
 .debug_str     0x000000000008d30a      0x286 Drivers/STM32G0xx_HAL_Driver/Src/stm32g0xx_hal_uart_ex.o
                                      0x89d66 (size before relaxing)
 .debug_str     0x000000000008d590       0xb2 Src/ext_captor.o
                                      0x8969f (size before relaxing)
 .debug_str     0x000000000008d642      0x424 Src/group_manager.o
                                      0x8a1dd (size before relaxing)
 .debug_str     0x000000000008da66       0xf9 Src/group_synchro.o
                                      0x89fe7 (size before relaxing)
 .debug_str     0x000000000008db5f      0x5aa Src/hl_manager.o
                                      0x8a709 (size before relaxing)
 .debug_str     0x000000000008e109      0xa2d Src/main.o
                                      0x8b88e (size before relaxing)
 .debug_str     0x000000000008eb36       0x5f Src/motor.o
                                      0x89cb6 (size before relaxing)
 .debug_str     0x000000000008eb95      0x132 Src/mr_manager.o
                                      0x8a43a (size before relaxing)
 .debug_str     0x000000000008ecc7       0x38 Src/stm32g0xx_hal_msp.o
                                      0x8b0ee (size before relaxing)
 .debug_str     0x000000000008ecff       0xc2 Src/stm32g0xx_it.o
                                      0x8a9b8 (size before relaxing)
 .debug_str     0x000000000008edc1       0x50 Src/system_stm32g0xx.o
                                      0x896df (size before relaxing)
 .debug_str     0x000000000008ee11       0xd7 Src/vcaptor.o
                                      0x89eb6 (size before relaxing)
 .debug_str     0x000000000008eee8       0x31 Startup/startup_stm32g070rbtx.o
                                         0x84 (size before relaxing)

.comment        0x0000000000000000       0x7b
 .comment       0x0000000000000000       0x7b Drivers/STM32G0xx_HAL_Driver/Src/stm32g0xx_hal.o
                                         0x7c (size before relaxing)
 .comment       0x000000000000007b       0x7c Drivers/STM32G0xx_HAL_Driver/Src/stm32g0xx_hal_adc.o
 .comment       0x000000000000007b       0x7c Drivers/STM32G0xx_HAL_Driver/Src/stm32g0xx_hal_cortex.o
 .comment       0x000000000000007b       0x7c Drivers/STM32G0xx_HAL_Driver/Src/stm32g0xx_hal_dma.o
 .comment       0x000000000000007b       0x7c Drivers/STM32G0xx_HAL_Driver/Src/stm32g0xx_hal_gpio.o
 .comment       0x000000000000007b       0x7c Drivers/STM32G0xx_HAL_Driver/Src/stm32g0xx_hal_pwr_ex.o
 .comment       0x000000000000007b       0x7c Drivers/STM32G0xx_HAL_Driver/Src/stm32g0xx_hal_rcc.o
 .comment       0x000000000000007b       0x7c Drivers/STM32G0xx_HAL_Driver/Src/stm32g0xx_hal_rcc_ex.o
 .comment       0x000000000000007b       0x7c Drivers/STM32G0xx_HAL_Driver/Src/stm32g0xx_hal_tim.o
 .comment       0x000000000000007b       0x7c Drivers/STM32G0xx_HAL_Driver/Src/stm32g0xx_hal_tim_ex.o
 .comment       0x000000000000007b       0x7c Drivers/STM32G0xx_HAL_Driver/Src/stm32g0xx_hal_uart.o
 .comment       0x000000000000007b       0x7c Drivers/STM32G0xx_HAL_Driver/Src/stm32g0xx_hal_uart_ex.o
 .comment       0x000000000000007b       0x7c Src/ext_captor.o
 .comment       0x000000000000007b       0x7c Src/group_manager.o
 .comment       0x000000000000007b       0x7c Src/group_synchro.o
 .comment       0x000000000000007b       0x7c Src/hl_manager.o
 .comment       0x000000000000007b       0x7c Src/main.o
 .comment       0x000000000000007b       0x7c Src/motor.o
 .comment       0x000000000000007b       0x7c Src/mr_manager.o
 .comment       0x000000000000007b       0x7c Src/stm32g0xx_hal_msp.o
 .comment       0x000000000000007b       0x7c Src/stm32g0xx_it.o
 .comment       0x000000000000007b       0x7c Src/system_stm32g0xx.o
 .comment       0x000000000000007b       0x7c Src/vcaptor.o

.debug_frame    0x0000000000000000     0x46ec
 .debug_frame   0x0000000000000000      0x340 Drivers/STM32G0xx_HAL_Driver/Src/stm32g0xx_hal.o
 .debug_frame   0x0000000000000340      0x74c Drivers/STM32G0xx_HAL_Driver/Src/stm32g0xx_hal_adc.o
 .debug_frame   0x0000000000000a8c      0x2fc Drivers/STM32G0xx_HAL_Driver/Src/stm32g0xx_hal_cortex.o
 .debug_frame   0x0000000000000d88      0x1f0 Drivers/STM32G0xx_HAL_Driver/Src/stm32g0xx_hal_dma.o
 .debug_frame   0x0000000000000f78      0x130 Drivers/STM32G0xx_HAL_Driver/Src/stm32g0xx_hal_gpio.o
 .debug_frame   0x00000000000010a8      0x1f4 Drivers/STM32G0xx_HAL_Driver/Src/stm32g0xx_hal_pwr_ex.o
 .debug_frame   0x000000000000129c      0x1f4 Drivers/STM32G0xx_HAL_Driver/Src/stm32g0xx_hal_rcc.o
 .debug_frame   0x0000000000001490       0xb0 Drivers/STM32G0xx_HAL_Driver/Src/stm32g0xx_hal_rcc_ex.o
 .debug_frame   0x0000000000001540      0xe90 Drivers/STM32G0xx_HAL_Driver/Src/stm32g0xx_hal_tim.o
 .debug_frame   0x00000000000023d0      0x5b0 Drivers/STM32G0xx_HAL_Driver/Src/stm32g0xx_hal_tim_ex.o
 .debug_frame   0x0000000000002980      0x810 Drivers/STM32G0xx_HAL_Driver/Src/stm32g0xx_hal_uart.o
 .debug_frame   0x0000000000003190      0x1d4 Drivers/STM32G0xx_HAL_Driver/Src/stm32g0xx_hal_uart_ex.o
 .debug_frame   0x0000000000003364       0x70 Src/ext_captor.o
 .debug_frame   0x00000000000033d4      0x110 Src/group_manager.o
 .debug_frame   0x00000000000034e4      0x190 Src/group_synchro.o
 .debug_frame   0x0000000000003674      0x3dc Src/hl_manager.o
 .debug_frame   0x0000000000003a50      0x2cc Src/main.o
 .debug_frame   0x0000000000003d1c       0xb0 Src/motor.o
 .debug_frame   0x0000000000003dcc      0x248 Src/mr_manager.o
 .debug_frame   0x0000000000004014      0x110 Src/stm32g0xx_hal_msp.o
 .debug_frame   0x0000000000004124      0x10c Src/stm32g0xx_it.o
 .debug_frame   0x0000000000004230       0x4c Src/system_stm32g0xx.o
 .debug_frame   0x000000000000427c      0x1b0 Src/vcaptor.o