stm32g0xx_hal_tim_ex.c:271:13:HAL_TIMEx_HallSensor_MspInit	0	static
stm32g0xx_hal_tim_ex.c:143:19:HAL_TIMEx_HallSensor_Init	64	static
stm32g0xx_hal_tim_ex.c:286:13:HAL_TIMEx_HallSensor_MspDeInit	0	static
stm32g0xx_hal_tim_ex.c:235:19:HAL_TIMEx_HallSensor_DeInit	8	static
stm32g0xx_hal_tim_ex.c:301:19:HAL_TIMEx_HallSensor_Start	8	static
stm32g0xx_hal_tim_ex.c:328:19:HAL_TIMEx_HallSensor_Stop	8	static
stm32g0xx_hal_tim_ex.c:349:19:HAL_TIMEx_HallSensor_Start_IT	8	static
stm32g0xx_hal_tim_ex.c:379:19:HAL_TIMEx_HallSensor_Stop_IT	8	static
stm32g0xx_hal_tim_ex.c:405:19:HAL_TIMEx_HallSensor_Start_DMA	16	static
stm32g0xx_hal_tim_ex.c:465:19:HAL_TIMEx_HallSensor_Stop_DMA	8	static
stm32g0xx_hal_tim_ex.c:521:19:HAL_TIMEx_OCN_Start	0	static
stm32g0xx_hal_tim_ex.c:556:19:HAL_TIMEx_OCN_Stop	0	static
stm32g0xx_hal_tim_ex.c:585:19:HAL_TIMEx_OCN_Start_IT	0	static
stm32g0xx_hal_tim_ex.c:651:19:HAL_TIMEx_OCN_Stop_IT	0	static
stm32g0xx_hal_tim_ex.c:717:19:HAL_TIMEx_OCN_Start_DMA	16	static
stm32g0xx_hal_tim_ex.c:835:19:HAL_TIMEx_OCN_Stop_DMA	16	static
stm32g0xx_hal_tim_ex.c:930:19:HAL_TIMEx_PWMN_Start	0	static
stm32g0xx_hal_tim_ex.c:964:19:HAL_TIMEx_PWMN_Stop	0	static
stm32g0xx_hal_tim_ex.c:993:19:HAL_TIMEx_PWMN_Start_IT	0	static
stm32g0xx_hal_tim_ex.c:1058:19:HAL_TIMEx_PWMN_Stop_IT	0	static
stm32g0xx_hal_tim_ex.c:1125:19:HAL_TIMEx_PWMN_Start_DMA	16	static
stm32g0xx_hal_tim_ex.c:1242:19:HAL_TIMEx_PWMN_Stop_DMA	16	static
stm32g0xx_hal_tim_ex.c:1325:19:HAL_TIMEx_OnePulseN_Start	0	static
stm32g0xx_hal_tim_ex.c:1350:19:HAL_TIMEx_OnePulseN_Stop	0	static
stm32g0xx_hal_tim_ex.c:1379:19:HAL_TIMEx_OnePulseN_Start_IT	0	static
stm32g0xx_hal_tim_ex.c:1410:19:HAL_TIMEx_OnePulseN_Stop_IT	8	static
stm32g0xx_hal_tim_ex.c:1482:19:HAL_TIMEx_ConfigCommutEvent	12	static
stm32g0xx_hal_tim_ex.c:1537:19:HAL_TIMEx_ConfigCommutEvent_IT	12	static
stm32g0xx_hal_tim_ex.c:1593:19:HAL_TIMEx_ConfigCommutEvent_DMA	12	static
stm32g0xx_hal_tim_ex.c:1641:19:HAL_TIMEx_MasterConfigSynchronization	12	static
stm32g0xx_hal_tim_ex.c:1708:19:HAL_TIMEx_ConfigBreakDeadTime	8	static
stm32g0xx_hal_tim_ex.c:1790:19:HAL_TIMEx_ConfigBreakInput	20	static
stm32g0xx_hal_tim_ex.c:1924:19:HAL_TIMEx_RemapConfig	12	static
stm32g0xx_hal_tim_ex.c:1994:20:HAL_TIMEx_TISelection	8	static
stm32g0xx_hal_tim_ex.c:2033:19:HAL_TIMEx_GroupChannel5	12	static
stm32g0xx_hal_tim_ex.c:2071:19:HAL_TIMEx_DisarmBreakInput	0	static
stm32g0xx_hal_tim_ex.c:2124:19:HAL_TIMEx_ReArmBreakInput	16	static
stm32g0xx_hal_tim_ex.c:2207:13:HAL_TIMEx_CommutCallback	0	static
stm32g0xx_hal_tim_ex.c:2307:6:TIMEx_DMACommutationCplt	8	static
stm32g0xx_hal_tim_ex.c:2221:13:HAL_TIMEx_CommutHalfCpltCallback	0	static
stm32g0xx_hal_tim_ex.c:2326:6:TIMEx_DMACommutationHalfCplt	8	static
stm32g0xx_hal_tim_ex.c:2236:13:HAL_TIMEx_BreakCallback	0	static
stm32g0xx_hal_tim_ex.c:2251:13:HAL_TIMEx_Break2Callback	0	static
stm32g0xx_hal_tim_ex.c:2284:22:HAL_TIMEx_HallSensor_GetState	0	static
