stm32g0xx_hal_uart.c:3646:13:UART_TxISR_16BIT	8	static
stm32g0xx_hal_uart.c:3718:13:UART_TxISR_16BIT_FIFOEN	16	static
stm32g0xx_hal_uart.c:3617:13:UART_TxISR_8BIT	8	static
stm32g0xx_hal_uart.c:3678:13:UART_TxISR_8BIT_FIFOEN	16	static
stm32g0xx_hal_uart.c:667:13:HAL_UART_MspInit	0	static
stm32g0xx_hal_uart.c:682:13:HAL_UART_MspDeInit	0	static
stm32g0xx_hal_uart.c:620:19:HAL_UART_DeInit	16	static
stm32g0xx_hal_uart.c:1057:19:HAL_UART_Transmit	32	static
stm32g0xx_hal_uart.c:1160:19:HAL_UART_Receive	40	static
stm32g0xx_hal_uart.c:1259:19:HAL_UART_Transmit_IT	12	static
stm32g0xx_hal_uart.c:1348:19:HAL_UART_Receive_IT	28	static
stm32g0xx_hal_uart.c:1444:19:HAL_UART_Transmit_DMA	32	static
stm32g0xx_hal_uart.c:1535:19:HAL_UART_Receive_DMA	24	static
stm32g0xx_hal_uart.c:1620:19:HAL_UART_DMAPause	12	static
stm32g0xx_hal_uart.c:1656:19:HAL_UART_DMAResume	0	static
stm32g0xx_hal_uart.c:1690:19:HAL_UART_DMAStop	16	static
stm32g0xx_hal_uart.c:1765:19:HAL_UART_Abort	8	static
stm32g0xx_hal_uart.c:1859:19:HAL_UART_AbortTransmit	8	static
stm32g0xx_hal_uart.c:1917:19:HAL_UART_AbortReceive	8	static
stm32g0xx_hal_uart.c:2516:13:HAL_UART_TxCpltCallback	0	static
stm32g0xx_hal_uart.c:3279:13:UART_DMATransmitCplt	8	static
stm32g0xx_hal_uart.c:2531:13:HAL_UART_TxHalfCpltCallback	0	static
stm32g0xx_hal_uart.c:3313:13:UART_DMATxHalfCplt	8	static
stm32g0xx_hal_uart.c:2546:13:HAL_UART_RxCpltCallback	0	static
stm32g0xx_hal_uart.c:3784:13:UART_RxISR_8BIT	16	static
stm32g0xx_hal_uart.c:3834:13:UART_RxISR_16BIT	16	static
stm32g0xx_hal_uart.c:3886:13:UART_RxISR_8BIT_FIFOEN	32	static
stm32g0xx_hal_uart.c:3958:13:UART_RxISR_16BIT_FIFOEN	32	static
stm32g0xx_hal_uart.c:3331:13:UART_DMAReceiveCplt	8	static
stm32g0xx_hal_uart.c:2561:13:HAL_UART_RxHalfCpltCallback	0	static
stm32g0xx_hal_uart.c:3366:13:UART_DMARxHalfCplt	8	static
stm32g0xx_hal_uart.c:2576:13:HAL_UART_ErrorCallback	0	static
stm32g0xx_hal_uart.c:3384:13:UART_DMAError	16	static
stm32g0xx_hal_uart.c:2295:6:HAL_UART_IRQHandler	32	static
stm32g0xx_hal_uart.c:3424:13:UART_DMAAbortOnError	8	static
stm32g0xx_hal_uart.c:2591:13:HAL_UART_AbortCpltCallback	0	static
stm32g0xx_hal_uart.c:1977:19:HAL_UART_Abort_IT	16	static
stm32g0xx_hal_uart.c:3501:13:UART_DMARxAbortCallback	8	static
stm32g0xx_hal_uart.c:3447:13:UART_DMATxAbortCallback	8	static
stm32g0xx_hal_uart.c:2606:13:HAL_UART_AbortTransmitCpltCallback	0	static
stm32g0xx_hal_uart.c:2121:19:HAL_UART_AbortTransmit_IT	8	static
stm32g0xx_hal_uart.c:3552:13:UART_DMATxOnlyAbortCallback	8	static
stm32g0xx_hal_uart.c:2621:13:HAL_UART_AbortReceiveCpltCallback	0	static
stm32g0xx_hal_uart.c:2211:19:HAL_UART_AbortReceive_IT	8	static
stm32g0xx_hal_uart.c:3585:13:UART_DMARxOnlyAbortCallback	8	static
stm32g0xx_hal_uart.c:2663:19:HAL_MultiProcessor_EnableMuteMode	24	static
stm32g0xx_hal_uart.c:2684:19:HAL_MultiProcessor_DisableMuteMode	24	static
stm32g0xx_hal_uart.c:2705:6:HAL_MultiProcessor_EnterMuteMode	0	static
stm32g0xx_hal_uart.c:2715:19:HAL_HalfDuplex_EnableTransmitter	12	static
stm32g0xx_hal_uart.c:2740:19:HAL_HalfDuplex_EnableReceiver	12	static
stm32g0xx_hal_uart.c:2766:19:HAL_LIN_SendBreak	12	static
stm32g0xx_hal_uart.c:2813:23:HAL_UART_GetState	0	static
stm32g0xx_hal_uart.c:2828:10:HAL_UART_GetError	0	static
stm32g0xx_hal_uart.c:2873:19:UART_SetConfig	16	static
stm32g0xx_hal_uart.c:3086:6:UART_AdvFeatureConfig	12	static
stm32g0xx_hal_uart.c:295:19:HAL_UART_Init	24	static
stm32g0xx_hal_uart.c:370:19:HAL_HalfDuplex_Init	24	static
stm32g0xx_hal_uart.c:445:19:HAL_LIN_Init	24	static
stm32g0xx_hal_uart.c:544:19:HAL_MultiProcessor_Init	24	static
stm32g0xx_hal_uart.c:3160:19:UART_CheckIdleState	24	static
stm32g0xx_hal_uart.c:3211:19:UART_WaitOnFlagUntilTimeout	24	static
