hl_manager.c:11:6:HL_initGroups	8	static
hl_manager.c:63:6:HL_eraseGroup	8	static
hl_manager.c:71:6:HL_StartGoUp	0	static
hl_manager.c:80:6:HL_GoUp	32	static
hl_manager.c:119:6:HL_StartGetFromDown	0	static
hl_manager.c:128:6:HL_GetFromDown	32	static
hl_manager.c:172:6:HL_StartGoDown	0	static
hl_manager.c:182:6:HL_GoDown	24	static
hl_manager.c:222:6:HL_StartGetFromUp	0	static
hl_manager.c:231:6:HL_GetFromUp	24	static
hl_manager.c:22:6:HL_update	40	static
hl_manager.c:267:6:HL_StartGoRight	0	static
hl_manager.c:276:6:HL_GoRight	24	static
hl_manager.c:292:6:HL_StartGetFromLeft	0	static
hl_manager.c:303:6:HL_GetFromLeft	16	static
hl_manager.c:319:6:HL_StartGoLeft	0	static
hl_manager.c:328:6:HL_GoLeft	24	static
hl_manager.c:344:6:HL_StartGetFromRight	0	static
hl_manager.c:354:6:HL_GetFromRight	16	static
hl_manager.c:368:6:HL_StartGoForward	0	static
hl_manager.c:378:6:HL_GoForward	24	static
hl_manager.c:394:6:HL_StartGetFromBackward	0	static
hl_manager.c:404:6:HL_GetFromBackward	16	static
hl_manager.c:419:6:HL_StartGoBackward	0	static
hl_manager.c:429:6:HL_GoBackward	24	static
hl_manager.c:445:6:HL_StartGetFromForward	0	static
hl_manager.c:455:6:HL_GetFromForward	16	static
hl_manager.c:471:6:HL_startGoBackStop	16	dynamic
hl_manager.c:483:6:HL_goBackStop	0	static
hl_manager.c:492:6:HL_handle_message	0	static
