main.c:217:6:SystemClock_Config	104	static
main.c:686:6:initXCaptors	64	static
main.c:703:6:initMotors	1096	static
main.c:824:6:initVCaptors	32	static
main.c:891:6:initUARTS	8	static
main.c:900:10:getUs	24	static
main.c:910:6:delayUs	32	static,ignoring_inline_asm
main.c:919:6:demoRun	32	static
main.c:102:5:main	168	static
main.c:1124:6:HAL_UART_TxCpltCallback	0	static,ignoring_inline_asm
main.c:1128:6:HAL_UART_RxCpltCallback	16	static
main.c:1149:6:handle_Message	8	static
main.c:1209:6:Error_Handler	0	static
