hl_manager.c:11:6:HL_initGroups	24	static
hl_manager.c:22:6:HL_update	24	static
hl_manager.c:63:6:HL_eraseGroup	16	static
hl_manager.c:71:6:HL_StartGoUp	16	static
hl_manager.c:81:6:HL_GoUp	144	dynamic
hl_manager.c:145:6:HL_StartGetFromDown	16	static
hl_manager.c:154:6:HL_GetFromDown	32	static
hl_manager.c:212:6:HL_StartGoDown	16	static
hl_manager.c:222:6:HL_GoDown	224	dynamic
hl_manager.c:306:6:HL_StartGetFromUp	16	static
hl_manager.c:315:6:HL_GetFromUp	24	static
hl_manager.c:356:6:HL_StartGoRight	16	static
hl_manager.c:365:6:HL_GoRight	40	static
hl_manager.c:436:6:HL_StartGetFromLeft	16	static
hl_manager.c:447:6:HL_GetFromLeft	24	static
hl_manager.c:463:6:HL_StartGoLeft	16	static
hl_manager.c:472:6:HL_GoLeft	48	static
hl_manager.c:555:6:HL_StartGetFromRight	16	static
hl_manager.c:565:6:HL_GetFromRight	24	static
hl_manager.c:579:6:HL_StartGoForward	16	static
hl_manager.c:589:6:HL_GoForward	32	static
hl_manager.c:621:6:HL_StartGetFromBackward	16	static
hl_manager.c:631:6:HL_GetFromBackward	40	static
hl_manager.c:672:6:HL_StartGoBackward	16	static
hl_manager.c:682:6:HL_GoBackward	32	static
hl_manager.c:718:6:HL_StartGetFromForward	16	static
hl_manager.c:728:6:HL_GetFromForward	40	static
hl_manager.c:788:6:HL_startGoBackStop	72	dynamic
hl_manager.c:800:6:HL_goBackStop	16	static
hl_manager.c:809:6:HL_handle_message	24	static
