main.c:114:5:main	40	static
main.c:264:6:SystemClock_Config	112	static
main.c:314:13:MX_ADC1_Init	48	static
main.c:434:13:MX_TIM1_Init	104	static
main.c:518:13:MX_TIM3_Init	48	static
main.c:571:13:MX_TIM15_Init	104	static
main.c:641:13:MX_USART1_UART_Init	8	static
main.c:690:13:MX_USART2_UART_Init	8	static
main.c:739:13:MX_USART3_UART_Init	8	static
main.c:774:13:MX_DMA_Init	16	static
main.c:792:13:MX_GPIO_Init	56	static
main.c:882:6:initXCaptors	64	static
main.c:899:6:initMotors	1080	static
main.c:1014:6:initVCaptors	688	static
main.c:1081:6:initUARTS	16	static
main.c:1090:10:getUs	24	static
main.c:1100:6:delayUs	24	static,ignoring_inline_asm
main.c:1109:6:demoRun	128	static
main.c:1512:6:HAL_UART_TxCpltCallback	16	static,ignoring_inline_asm
main.c:1516:6:HAL_UART_RxCpltCallback	16	static
main.c:1537:6:handle_Message	16	static
main.c:1619:6:Error_Handler	8	static
